Archive member included to satisfy reference by file (symbol)

c:/st/stm32cubeide_1.6.0/stm32cubeide/plugins/com.st.stm32cube.ide.mcu.externaltools.gnu-tools-for-stm32.9-2020-q2-update.win32_1.5.0.202011040924/tools/bin/../lib/gcc/arm-none-eabi/9.3.1/../../../../arm-none-eabi/lib/thumb/v6-m/nofp\libc_nano.a(lib_a-errno.o)
                              Core/Src/syscalls.o (__errno)
c:/st/stm32cubeide_1.6.0/stm32cubeide/plugins/com.st.stm32cube.ide.mcu.externaltools.gnu-tools-for-stm32.9-2020-q2-update.win32_1.5.0.202011040924/tools/bin/../lib/gcc/arm-none-eabi/9.3.1/../../../../arm-none-eabi/lib/thumb/v6-m/nofp\libc_nano.a(lib_a-exit.o)
                              c:/st/stm32cubeide_1.6.0/stm32cubeide/plugins/com.st.stm32cube.ide.mcu.externaltools.gnu-tools-for-stm32.9-2020-q2-update.win32_1.5.0.202011040924/tools/bin/../lib/gcc/arm-none-eabi/9.3.1/../../../../arm-none-eabi/lib/thumb/v6-m/nofp/crt0.o (exit)
c:/st/stm32cubeide_1.6.0/stm32cubeide/plugins/com.st.stm32cube.ide.mcu.externaltools.gnu-tools-for-stm32.9-2020-q2-update.win32_1.5.0.202011040924/tools/bin/../lib/gcc/arm-none-eabi/9.3.1/../../../../arm-none-eabi/lib/thumb/v6-m/nofp\libc_nano.a(lib_a-impure.o)
                              c:/st/stm32cubeide_1.6.0/stm32cubeide/plugins/com.st.stm32cube.ide.mcu.externaltools.gnu-tools-for-stm32.9-2020-q2-update.win32_1.5.0.202011040924/tools/bin/../lib/gcc/arm-none-eabi/9.3.1/../../../../arm-none-eabi/lib/thumb/v6-m/nofp\libc_nano.a(lib_a-exit.o) (_global_impure_ptr)
c:/st/stm32cubeide_1.6.0/stm32cubeide/plugins/com.st.stm32cube.ide.mcu.externaltools.gnu-tools-for-stm32.9-2020-q2-update.win32_1.5.0.202011040924/tools/bin/../lib/gcc/arm-none-eabi/9.3.1/../../../../arm-none-eabi/lib/thumb/v6-m/nofp\libc_nano.a(lib_a-init.o)
                              c:/st/stm32cubeide_1.6.0/stm32cubeide/plugins/com.st.stm32cube.ide.mcu.externaltools.gnu-tools-for-stm32.9-2020-q2-update.win32_1.5.0.202011040924/tools/bin/../lib/gcc/arm-none-eabi/9.3.1/../../../../arm-none-eabi/lib/thumb/v6-m/nofp/crt0.o (__libc_init_array)
c:/st/stm32cubeide_1.6.0/stm32cubeide/plugins/com.st.stm32cube.ide.mcu.externaltools.gnu-tools-for-stm32.9-2020-q2-update.win32_1.5.0.202011040924/tools/bin/../lib/gcc/arm-none-eabi/9.3.1/../../../../arm-none-eabi/lib/thumb/v6-m/nofp\libc_nano.a(lib_a-memset.o)
                              c:/st/stm32cubeide_1.6.0/stm32cubeide/plugins/com.st.stm32cube.ide.mcu.externaltools.gnu-tools-for-stm32.9-2020-q2-update.win32_1.5.0.202011040924/tools/bin/../lib/gcc/arm-none-eabi/9.3.1/../../../../arm-none-eabi/lib/thumb/v6-m/nofp/crt0.o (memset)
c:/st/stm32cubeide_1.6.0/stm32cubeide/plugins/com.st.stm32cube.ide.mcu.externaltools.gnu-tools-for-stm32.9-2020-q2-update.win32_1.5.0.202011040924/tools/bin/../lib/gcc/arm-none-eabi/9.3.1/thumb/v6-m/nofp\libgcc.a(_udivsi3.o)
                              Core/Src/system_stm32f0xx.o (__aeabi_uidiv)
c:/st/stm32cubeide_1.6.0/stm32cubeide/plugins/com.st.stm32cube.ide.mcu.externaltools.gnu-tools-for-stm32.9-2020-q2-update.win32_1.5.0.202011040924/tools/bin/../lib/gcc/arm-none-eabi/9.3.1/thumb/v6-m/nofp\libgcc.a(_dvmd_tls.o)
                              c:/st/stm32cubeide_1.6.0/stm32cubeide/plugins/com.st.stm32cube.ide.mcu.externaltools.gnu-tools-for-stm32.9-2020-q2-update.win32_1.5.0.202011040924/tools/bin/../lib/gcc/arm-none-eabi/9.3.1/thumb/v6-m/nofp\libgcc.a(_udivsi3.o) (__aeabi_idiv0)

Allocating common symbols
Common symbol       size              file

record_scratch_pulse
                    0x4               Core/Src/lukes-code/midi.o
recived_modulation  0x4               Core/Src/lukes-code/midi.o
uwTick              0x4               Drivers/STM32F0xx_HAL_Driver/Src/stm32f0xx_hal.o
pFlash              0x20              Drivers/STM32F0xx_HAL_Driver/Src/stm32f0xx_hal_flash.o
state               0x1               Core/Src/lukes-code/midi.o
huart1              0x84              Core/Src/main.o
ram_config          0xc               Core/Src/lukes-code/config.o
programming_state   0x1               Core/Src/lukes-code/midi.o
recived_control_number
                    0x4               Core/Src/lukes-code/midi.o
recived_velocity    0x4               Core/Src/lukes-code/midi.o
htim1               0x48              Core/Src/main.o
recived_key         0x4               Core/Src/lukes-code/midi.o

Discarded input sections

 .text          0x0000000000000000        0x0 c:/st/stm32cubeide_1.6.0/stm32cubeide/plugins/com.st.stm32cube.ide.mcu.externaltools.gnu-tools-for-stm32.9-2020-q2-update.win32_1.5.0.202011040924/tools/bin/../lib/gcc/arm-none-eabi/9.3.1/thumb/v6-m/nofp/crti.o
 .data          0x0000000000000000        0x0 c:/st/stm32cubeide_1.6.0/stm32cubeide/plugins/com.st.stm32cube.ide.mcu.externaltools.gnu-tools-for-stm32.9-2020-q2-update.win32_1.5.0.202011040924/tools/bin/../lib/gcc/arm-none-eabi/9.3.1/thumb/v6-m/nofp/crti.o
[...]
Memory Configuration

Name             Origin             Length             Attributes
RAM              0x0000000020000000 0x0000000000001000 xrw
FLASH            0x0000000008000000 0x0000000000003c00 xr
DATA             0x0000000008003c00 0x0000000000000400 xrw
*default*        0x0000000000000000 0xffffffffffffffff

Linker script and memory map

LOAD c:/st/stm32cubeide_1.6.0/stm32cubeide/plugins/com.st.stm32cube.ide.mcu.externaltools.gnu-tools-for-stm32.9-2020-q2-update.win32_1.5.0.202011040924/tools/bin/../lib/gcc/arm-none-eabi/9.3.1/thumb/v6-m/nofp/crti.o
LOAD c:/st/stm32cubeide_1.6.0/stm32cubeide/plugins/com.st.stm32cube.ide.mcu.externaltools.gnu-tools-for-stm32.9-2020-q2-update.win32_1.5.0.202011040924/tools/bin/../lib/gcc/arm-none-eabi/9.3.1/thumb/v6-m/nofp/crtbegin.o
LOAD c:/st/stm32cubeide_1.6.0/stm32cubeide/plugins/com.st.stm32cube.ide.mcu.externaltools.gnu-tools-for-stm32.9-2020-q2-update.win32_1.5.0.202011040924/tools/bin/../lib/gcc/arm-none-eabi/9.3.1/../../../../arm-none-eabi/lib/thumb/v6-m/nofp/crt0.o
LOAD Core/Src/lukes-code/config.o
LOAD Core/Src/lukes-code/led.o
LOAD Core/Src/lukes-code/midi.o
LOAD Core/Src/lukes-code/strummer.o
LOAD Core/Src/main.o
LOAD Core/Src/stm32f0xx_hal_msp.o
LOAD Core/Src/stm32f0xx_it.o
LOAD Core/Src/syscalls.o
LOAD Core/Src/sysmem.o
LOAD Core/Src/system_stm32f0xx.o
LOAD Core/Startup/startup_stm32f030f4px.o
LOAD Drivers/STM32F0xx_HAL_Driver/Src/stm32f0xx_hal.o
LOAD Drivers/STM32F0xx_HAL_Driver/Src/stm32f0xx_hal_cortex.o
LOAD Drivers/STM32F0xx_HAL_Driver/Src/stm32f0xx_hal_dma.o
LOAD Drivers/STM32F0xx_HAL_Driver/Src/stm32f0xx_hal_exti.o
LOAD Drivers/STM32F0xx_HAL_Driver/Src/stm32f0xx_hal_flash.o
LOAD Drivers/STM32F0xx_HAL_Driver/Src/stm32f0xx_hal_flash_ex.o
LOAD Drivers/STM32F0xx_HAL_Driver/Src/stm32f0xx_hal_gpio.o
LOAD Drivers/STM32F0xx_HAL_Driver/Src/stm32f0xx_hal_i2c.o
LOAD Drivers/STM32F0xx_HAL_Driver/Src/stm32f0xx_hal_i2c_ex.o
LOAD Drivers/STM32F0xx_HAL_Driver/Src/stm32f0xx_hal_pwr.o
LOAD Drivers/STM32F0xx_HAL_Driver/Src/stm32f0xx_hal_pwr_ex.o
LOAD Drivers/STM32F0xx_HAL_Driver/Src/stm32f0xx_hal_rcc.o
LOAD Drivers/STM32F0xx_HAL_Driver/Src/stm32f0xx_hal_rcc_ex.o
LOAD Drivers/STM32F0xx_HAL_Driver/Src/stm32f0xx_hal_tim.o
LOAD Drivers/STM32F0xx_HAL_Driver/Src/stm32f0xx_hal_tim_ex.o
LOAD Drivers/STM32F0xx_HAL_Driver/Src/stm32f0xx_hal_uart.o
LOAD Drivers/STM32F0xx_HAL_Driver/Src/stm32f0xx_hal_uart_ex.o
START GROUP
LOAD c:/st/stm32cubeide_1.6.0/stm32cubeide/plugins/com.st.stm32cube.ide.mcu.externaltools.gnu-tools-for-stm32.9-2020-q2-update.win32_1.5.0.202011040924/tools/bin/../lib/gcc/arm-none-eabi/9.3.1/../../../../arm-none-eabi/lib/thumb/v6-m/nofp\libc_nano.a
LOAD c:/st/stm32cubeide_1.6.0/stm32cubeide/plugins/com.st.stm32cube.ide.mcu.externaltools.gnu-tools-for-stm32.9-2020-q2-update.win32_1.5.0.202011040924/tools/bin/../lib/gcc/arm-none-eabi/9.3.1/../../../../arm-none-eabi/lib/thumb/v6-m/nofp\libm.a
END GROUP
START GROUP
LOAD c:/st/stm32cubeide_1.6.0/stm32cubeide/plugins/com.st.stm32cube.ide.mcu.externaltools.gnu-tools-for-stm32.9-2020-q2-update.win32_1.5.0.202011040924/tools/bin/../lib/gcc/arm-none-eabi/9.3.1/thumb/v6-m/nofp\libgcc.a
LOAD c:/st/stm32cubeide_1.6.0/stm32cubeide/plugins/com.st.stm32cube.ide.mcu.externaltools.gnu-tools-for-stm32.9-2020-q2-update.win32_1.5.0.202011040924/tools/bin/../lib/gcc/arm-none-eabi/9.3.1/../../../../arm-none-eabi/lib/thumb/v6-m/nofp\libc_nano.a
END GROUP
START GROUP
LOAD c:/st/stm32cubeide_1.6.0/stm32cubeide/plugins/com.st.stm32cube.ide.mcu.externaltools.gnu-tools-for-stm32.9-2020-q2-update.win32_1.5.0.202011040924/tools/bin/../lib/gcc/arm-none-eabi/9.3.1/thumb/v6-m/nofp\libgcc.a
LOAD c:/st/stm32cubeide_1.6.0/stm32cubeide/plugins/com.st.stm32cube.ide.mcu.externaltools.gnu-tools-for-stm32.9-2020-q2-update.win32_1.5.0.202011040924/tools/bin/../lib/gcc/arm-none-eabi/9.3.1/../../../../arm-none-eabi/lib/thumb/v6-m/nofp\libc_nano.a
LOAD c:/st/stm32cubeide_1.6.0/stm32cubeide/plugins/com.st.stm32cube.ide.mcu.externaltools.gnu-tools-for-stm32.9-2020-q2-update.win32_1.5.0.202011040924/tools/bin/../lib/gcc/arm-none-eabi/9.3.1/../../../../arm-none-eabi/lib/thumb/v6-m/nofp\libnosys.a
END GROUP
START GROUP
LOAD c:/st/stm32cubeide_1.6.0/stm32cubeide/plugins/com.st.stm32cube.ide.mcu.externaltools.gnu-tools-for-stm32.9-2020-q2-update.win32_1.5.0.202011040924/tools/bin/../lib/gcc/arm-none-eabi/9.3.1/thumb/v6-m/nofp\libgcc.a
LOAD c:/st/stm32cubeide_1.6.0/stm32cubeide/plugins/com.st.stm32cube.ide.mcu.externaltools.gnu-tools-for-stm32.9-2020-q2-update.win32_1.5.0.202011040924/tools/bin/../lib/gcc/arm-none-eabi/9.3.1/../../../../arm-none-eabi/lib/thumb/v6-m/nofp\libc_nano.a
LOAD c:/st/stm32cubeide_1.6.0/stm32cubeide/plugins/com.st.stm32cube.ide.mcu.externaltools.gnu-tools-for-stm32.9-2020-q2-update.win32_1.5.0.202011040924/tools/bin/../lib/gcc/arm-none-eabi/9.3.1/../../../../arm-none-eabi/lib/thumb/v6-m/nofp\libnosys.a
END GROUP
LOAD c:/st/stm32cubeide_1.6.0/stm32cubeide/plugins/com.st.stm32cube.ide.mcu.externaltools.gnu-tools-for-stm32.9-2020-q2-update.win32_1.5.0.202011040924/tools/bin/../lib/gcc/arm-none-eabi/9.3.1/thumb/v6-m/nofp/crtend.o
LOAD c:/st/stm32cubeide_1.6.0/stm32cubeide/plugins/com.st.stm32cube.ide.mcu.externaltools.gnu-tools-for-stm32.9-2020-q2-update.win32_1.5.0.202011040924/tools/bin/../lib/gcc/arm-none-eabi/9.3.1/thumb/v6-m/nofp/crtn.o
                0x0000000020001000                _estack = (ORIGIN (RAM) + LENGTH (RAM))
                0x0000000000000200                _Min_Heap_Size = 0x200
                0x0000000000000400                _Min_Stack_Size = 0x400

.isr_vector     0x0000000008000000       0xc0
                0x0000000008000000                . = ALIGN (0x4)
 *(.isr_vector)
 .isr_vector    0x0000000008000000       0xc0 Core/Startup/startup_stm32f030f4px.o
                0x0000000008000000                g_pfnVectors
                0x00000000080000c0                . = ALIGN (0x4)

.user_data      0x0000000008003c00        0xc
                0x0000000008003c00                . = ALIGN (0x4)
 *(.user_data)
 .user_data     0x0000000008003c00        0xc Core/Src/lukes-code/config.o
                0x0000000008003c00                flash_config
                0x0000000008003c0c                . = ALIGN (0x4)

.text           0x00000000080000c0     0x3188
                0x00000000080000c0                . = ALIGN (0x4)
 *(.text)
 .text          0x00000000080000c0       0x48 c:/st/stm32cubeide_1.6.0/stm32cubeide/plugins/com.st.stm32cube.ide.mcu.externaltools.gnu-tools-for-stm32.9-2020-q2-update.win32_1.5.0.202011040924/tools/bin/../lib/gcc/arm-none-eabi/9.3.1/thumb/v6-m/nofp/crtbegin.o
 .text          0x0000000008000108      0x114 c:/st/stm32cubeide_1.6.0/stm32cubeide/plugins/com.st.stm32cube.ide.mcu.externaltools.gnu-tools-for-stm32.9-2020-q2-update.win32_1.5.0.202011040924/tools/bin/../lib/gcc/arm-none-eabi/9.3.1/thumb/v6-m/nofp\libgcc.a(_udivsi3.o)
                0x0000000008000108                __aeabi_uidiv
                0x0000000008000108                __udivsi3
                0x0000000008000214                __aeabi_uidivmod
 .text          0x000000000800021c        0x4 c:/st/stm32cubeide_1.6.0/stm32cubeide/plugins/com.st.stm32cube.ide.mcu.externaltools.gnu-tools-for-stm32.9-2020-q2-update.win32_1.5.0.202011040924/tools/bin/../lib/gcc/arm-none-eabi/9.3.1/thumb/v6-m/nofp\libgcc.a(_dvmd_tls.o)
                0x000000000800021c                __aeabi_idiv0
                0x000000000800021c                __aeabi_ldiv0
 *(.text*)
 .text.init_config
                0x0000000008000220       0x74 Core/Src/lukes-code/config.o
                0x0000000008000220                init_config
 .text.Write_Flash
                0x0000000008000294       0x7c Core/Src/lukes-code/config.o
                0x0000000008000294                Write_Flash
 .text.config_struct_equal
                0x0000000008000310       0x44 Core/Src/lukes-code/config.o
                0x0000000008000310                config_struct_equal
 .text.led_on   0x0000000008000354       0x18 Core/Src/lukes-code/led.o
                0x0000000008000354                led_on
 .text.led_off  0x000000000800036c       0x18 Core/Src/lukes-code/led.o
                0x000000000800036c                led_off
 .text.toggle_led
                0x0000000008000384       0x16 Core/Src/lukes-code/led.o
                0x0000000008000384                toggle_led
 .text.blink    0x000000000800039a       0x32 Core/Src/lukes-code/led.o
                0x000000000800039a                blink
 .text.MIDI_process
                0x00000000080003cc      0x198 Core/Src/lukes-code/midi.o
                0x00000000080003cc                MIDI_process
 .text._process_programming_state
                0x0000000008000564      0x108 Core/Src/lukes-code/midi.o
 .text.set_pulse
                0x000000000800066c       0x1c Core/Src/lukes-code/strummer.o
                0x000000000800066c                set_pulse
 .text.strum    0x0000000008000688       0x44 Core/Src/lukes-code/strummer.o
                0x0000000008000688                strum
 .text.main     0x00000000080006cc       0x78 Core/Src/main.o
                0x00000000080006cc                main
 .text.SystemClock_Config
                0x0000000008000744       0xc2 Core/Src/main.o
                0x0000000008000744                SystemClock_Config
 *fill*         0x0000000008000806        0x2 
 .text.MX_TIM1_Init
                0x0000000008000808      0x12c Core/Src/main.o
 .text.MX_USART1_UART_Init
                0x0000000008000934       0x6c Core/Src/main.o
 .text.MX_GPIO_Init
                0x00000000080009a0       0x70 Core/Src/main.o
 .text.Error_Handler
                0x0000000008000a10        0xa Core/Src/main.o
                0x0000000008000a10                Error_Handler
 *fill*         0x0000000008000a1a        0x2 
 .text.HAL_MspInit
                0x0000000008000a1c       0x48 Core/Src/stm32f0xx_hal_msp.o
                0x0000000008000a1c                HAL_MspInit
 .text.HAL_TIM_PWM_MspInit
                0x0000000008000a64       0x40 Core/Src/stm32f0xx_hal_msp.o
                0x0000000008000a64                HAL_TIM_PWM_MspInit
 .text.HAL_TIM_MspPostInit
                0x0000000008000aa4       0x80 Core/Src/stm32f0xx_hal_msp.o
                0x0000000008000aa4                HAL_TIM_MspPostInit
 .text.HAL_UART_MspInit
                0x0000000008000b24       0x98 Core/Src/stm32f0xx_hal_msp.o
                0x0000000008000b24                HAL_UART_MspInit
 .text.NMI_Handler
                0x0000000008000bbc        0xa Core/Src/stm32f0xx_it.o
                0x0000000008000bbc                NMI_Handler
 .text.HardFault_Handler
                0x0000000008000bc6        0x6 Core/Src/stm32f0xx_it.o
                0x0000000008000bc6                HardFault_Handler
 .text.SVC_Handler
                0x0000000008000bcc        0xa Core/Src/stm32f0xx_it.o
                0x0000000008000bcc                SVC_Handler
 .text.PendSV_Handler
                0x0000000008000bd6        0xa Core/Src/stm32f0xx_it.o
                0x0000000008000bd6                PendSV_Handler
 .text.SysTick_Handler
                0x0000000008000be0        0xe Core/Src/stm32f0xx_it.o
                0x0000000008000be0                SysTick_Handler
 .text.SystemInit
                0x0000000008000bee        0xa Core/Src/system_stm32f0xx.o
                0x0000000008000bee                SystemInit
 .text.Reset_Handler
                0x0000000008000bf8       0x50 Core/Startup/startup_stm32f030f4px.o
                0x0000000008000bf8                Reset_Handler
 .text.Default_Handler
                0x0000000008000c48        0x2 Core/Startup/startup_stm32f030f4px.o
                0x0000000008000c48                TIM1_CC_IRQHandler
                0x0000000008000c48                I2C1_IRQHandler
                0x0000000008000c48                SPI1_IRQHandler
                0x0000000008000c48                EXTI2_3_IRQHandler
                0x0000000008000c48                ADC1_IRQHandler
                0x0000000008000c48                TIM17_IRQHandler
                0x0000000008000c48                RTC_IRQHandler
                0x0000000008000c48                TIM16_IRQHandler
                0x0000000008000c48                TIM3_IRQHandler
                0x0000000008000c48                EXTI4_15_IRQHandler
                0x0000000008000c48                RCC_IRQHandler
                0x0000000008000c48                DMA1_Channel1_IRQHandler
                0x0000000008000c48                Default_Handler
                0x0000000008000c48                TIM14_IRQHandler
                0x0000000008000c48                DMA1_Channel4_5_IRQHandler
                0x0000000008000c48                EXTI0_1_IRQHandler
                0x0000000008000c48                WWDG_IRQHandler
                0x0000000008000c48                DMA1_Channel2_3_IRQHandler
                0x0000000008000c48                FLASH_IRQHandler
                0x0000000008000c48                USART1_IRQHandler
                0x0000000008000c48                TIM1_BRK_UP_TRG_COM_IRQHandler
 *fill*         0x0000000008000c4a        0x2 
 .text.HAL_Init
                0x0000000008000c4c       0x28 Drivers/STM32F0xx_HAL_Driver/Src/stm32f0xx_hal.o
                0x0000000008000c4c                HAL_Init
 .text.HAL_InitTick
                0x0000000008000c74       0x68 Drivers/STM32F0xx_HAL_Driver/Src/stm32f0xx_hal.o
                0x0000000008000c74                HAL_InitTick
 .text.HAL_IncTick
                0x0000000008000cdc       0x24 Drivers/STM32F0xx_HAL_Driver/Src/stm32f0xx_hal.o
                0x0000000008000cdc                HAL_IncTick
 .text.HAL_GetTick
                0x0000000008000d00       0x14 Drivers/STM32F0xx_HAL_Driver/Src/stm32f0xx_hal.o
                0x0000000008000d00                HAL_GetTick
 .text.HAL_Delay
                0x0000000008000d14       0x48 Drivers/STM32F0xx_HAL_Driver/Src/stm32f0xx_hal.o
                0x0000000008000d14                HAL_Delay
 .text.__NVIC_SetPriority
                0x0000000008000d5c       0xdc Drivers/STM32F0xx_HAL_Driver/Src/stm32f0xx_hal_cortex.o
 .text.SysTick_Config
                0x0000000008000e38       0x48 Drivers/STM32F0xx_HAL_Driver/Src/stm32f0xx_hal_cortex.o
 .text.HAL_NVIC_SetPriority
                0x0000000008000e80       0x2a Drivers/STM32F0xx_HAL_Driver/Src/stm32f0xx_hal_cortex.o
                0x0000000008000e80                HAL_NVIC_SetPriority
 .text.HAL_SYSTICK_Config
                0x0000000008000eaa       0x1a Drivers/STM32F0xx_HAL_Driver/Src/stm32f0xx_hal_cortex.o
                0x0000000008000eaa                HAL_SYSTICK_Config
 .text.HAL_FLASH_Program
                0x0000000008000ec4      0x12c Drivers/STM32F0xx_HAL_Driver/Src/stm32f0xx_hal_flash.o
                0x0000000008000ec4                HAL_FLASH_Program
 .text.HAL_FLASH_Unlock
                0x0000000008000ff0       0x4c Drivers/STM32F0xx_HAL_Driver/Src/stm32f0xx_hal_flash.o
                0x0000000008000ff0                HAL_FLASH_Unlock
 .text.HAL_FLASH_Lock
                0x000000000800103c       0x1c Drivers/STM32F0xx_HAL_Driver/Src/stm32f0xx_hal_flash.o
                0x000000000800103c                HAL_FLASH_Lock
 .text.FLASH_Program_HalfWord
                0x0000000008001058       0x38 Drivers/STM32F0xx_HAL_Driver/Src/stm32f0xx_hal_flash.o
 .text.FLASH_WaitForLastOperation
                0x0000000008001090       0x80 Drivers/STM32F0xx_HAL_Driver/Src/stm32f0xx_hal_flash.o
                0x0000000008001090                FLASH_WaitForLastOperation
 .text.FLASH_SetErrorCode
                0x0000000008001110       0x60 Drivers/STM32F0xx_HAL_Driver/Src/stm32f0xx_hal_flash.o
 .text.HAL_FLASHEx_Erase
                0x0000000008001170       0xec Drivers/STM32F0xx_HAL_Driver/Src/stm32f0xx_hal_flash_ex.o
                0x0000000008001170                HAL_FLASHEx_Erase
 .text.FLASH_MassErase
                0x000000000800125c       0x30 Drivers/STM32F0xx_HAL_Driver/Src/stm32f0xx_hal_flash_ex.o
 .text.FLASH_PageErase
                0x000000000800128c       0x3c Drivers/STM32F0xx_HAL_Driver/Src/stm32f0xx_hal_flash_ex.o
                0x000000000800128c                FLASH_PageErase
 .text.HAL_GPIO_Init
                0x00000000080012c8      0x2e0 Drivers/STM32F0xx_HAL_Driver/Src/stm32f0xx_hal_gpio.o
                0x00000000080012c8                HAL_GPIO_Init
 .text.HAL_GPIO_WritePin
                0x00000000080015a8       0x3a Drivers/STM32F0xx_HAL_Driver/Src/stm32f0xx_hal_gpio.o
                0x00000000080015a8                HAL_GPIO_WritePin
 .text.HAL_GPIO_TogglePin
                0x00000000080015e2       0x36 Drivers/STM32F0xx_HAL_Driver/Src/stm32f0xx_hal_gpio.o
                0x00000000080015e2                HAL_GPIO_TogglePin
 .text.HAL_RCC_OscConfig
                0x0000000008001618      0x634 Drivers/STM32F0xx_HAL_Driver/Src/stm32f0xx_hal_rcc.o
                0x0000000008001618                HAL_RCC_OscConfig
 .text.HAL_RCC_ClockConfig
                0x0000000008001c4c      0x19c Drivers/STM32F0xx_HAL_Driver/Src/stm32f0xx_hal_rcc.o
                0x0000000008001c4c                HAL_RCC_ClockConfig
 .text.HAL_RCC_GetSysClockFreq
                0x0000000008001de8       0xc8 Drivers/STM32F0xx_HAL_Driver/Src/stm32f0xx_hal_rcc.o
                0x0000000008001de8                HAL_RCC_GetSysClockFreq
 .text.HAL_RCC_GetHCLKFreq
                0x0000000008001eb0       0x14 Drivers/STM32F0xx_HAL_Driver/Src/stm32f0xx_hal_rcc.o
                0x0000000008001eb0                HAL_RCC_GetHCLKFreq
 .text.HAL_RCC_GetPCLK1Freq
                0x0000000008001ec4       0x2c Drivers/STM32F0xx_HAL_Driver/Src/stm32f0xx_hal_rcc.o
                0x0000000008001ec4                HAL_RCC_GetPCLK1Freq
 .text.HAL_RCCEx_PeriphCLKConfig
                0x0000000008001ef0      0x19c Drivers/STM32F0xx_HAL_Driver/Src/stm32f0xx_hal_rcc_ex.o
                0x0000000008001ef0                HAL_RCCEx_PeriphCLKConfig
 .text.HAL_TIM_PWM_Init
                0x000000000800208c       0xa0 Drivers/STM32F0xx_HAL_Driver/Src/stm32f0xx_hal_tim.o
                0x000000000800208c                HAL_TIM_PWM_Init
 .text.HAL_TIM_PWM_Start
                0x000000000800212c      0x14c Drivers/STM32F0xx_HAL_Driver/Src/stm32f0xx_hal_tim.o
                0x000000000800212c                HAL_TIM_PWM_Start
 .text.HAL_TIM_PWM_ConfigChannel
                0x0000000008002278      0x178 Drivers/STM32F0xx_HAL_Driver/Src/stm32f0xx_hal_tim.o
                0x0000000008002278                HAL_TIM_PWM_ConfigChannel
 .text.TIM_Base_SetConfig
                0x00000000080023f0       0xd8 Drivers/STM32F0xx_HAL_Driver/Src/stm32f0xx_hal_tim.o
                0x00000000080023f0                TIM_Base_SetConfig
 .text.TIM_OC1_SetConfig
                0x00000000080024c8       0xfc Drivers/STM32F0xx_HAL_Driver/Src/stm32f0xx_hal_tim.o
 .text.TIM_OC2_SetConfig
                0x00000000080025c4       0xfc Drivers/STM32F0xx_HAL_Driver/Src/stm32f0xx_hal_tim.o
                0x00000000080025c4                TIM_OC2_SetConfig
 .text.TIM_OC3_SetConfig
                0x00000000080026c0      0x100 Drivers/STM32F0xx_HAL_Driver/Src/stm32f0xx_hal_tim.o
 .text.TIM_OC4_SetConfig
                0x00000000080027c0       0xc8 Drivers/STM32F0xx_HAL_Driver/Src/stm32f0xx_hal_tim.o
 .text.TIM_CCxChannelCmd
                0x0000000008002888       0x46 Drivers/STM32F0xx_HAL_Driver/Src/stm32f0xx_hal_tim.o
                0x0000000008002888                TIM_CCxChannelCmd
 *fill*         0x00000000080028ce        0x2 
 .text.HAL_TIMEx_MasterConfigSynchronization
                0x00000000080028d0       0xa4 Drivers/STM32F0xx_HAL_Driver/Src/stm32f0xx_hal_tim_ex.o
                0x00000000080028d0                HAL_TIMEx_MasterConfigSynchronization
 .text.HAL_TIMEx_ConfigBreakDeadTime
                0x0000000008002974       0xbc Drivers/STM32F0xx_HAL_Driver/Src/stm32f0xx_hal_tim_ex.o
                0x0000000008002974                HAL_TIMEx_ConfigBreakDeadTime
 .text.HAL_UART_Init
                0x0000000008002a30       0xa8 Drivers/STM32F0xx_HAL_Driver/Src/stm32f0xx_hal_uart.o
                0x0000000008002a30                HAL_UART_Init
 .text.HAL_UART_Receive
                0x0000000008002ad8      0x1b8 Drivers/STM32F0xx_HAL_Driver/Src/stm32f0xx_hal_uart.o
                0x0000000008002ad8                HAL_UART_Receive
 .text.UART_SetConfig
                0x0000000008002c90      0x254 Drivers/STM32F0xx_HAL_Driver/Src/stm32f0xx_hal_uart.o
                0x0000000008002c90                UART_SetConfig
 .text.UART_AdvFeatureConfig
                0x0000000008002ee4      0x168 Drivers/STM32F0xx_HAL_Driver/Src/stm32f0xx_hal_uart.o
                0x0000000008002ee4                UART_AdvFeatureConfig
 .text.UART_CheckIdleState
                0x000000000800304c       0x90 Drivers/STM32F0xx_HAL_Driver/Src/stm32f0xx_hal_uart.o
                0x000000000800304c                UART_CheckIdleState
 .text.UART_WaitOnFlagUntilTimeout
                0x00000000080030dc       0xfc Drivers/STM32F0xx_HAL_Driver/Src/stm32f0xx_hal_uart.o
                0x00000000080030dc                UART_WaitOnFlagUntilTimeout
 .text.__libc_init_array
                0x00000000080031d8       0x48 c:/st/stm32cubeide_1.6.0/stm32cubeide/plugins/com.st.stm32cube.ide.mcu.externaltools.gnu-tools-for-stm32.9-2020-q2-update.win32_1.5.0.202011040924/tools/bin/../lib/gcc/arm-none-eabi/9.3.1/../../../../arm-none-eabi/lib/thumb/v6-m/nofp\libc_nano.a(lib_a-init.o)
                0x00000000080031d8                __libc_init_array
 .text.memset   0x0000000008003220       0x10 c:/st/stm32cubeide_1.6.0/stm32cubeide/plugins/com.st.stm32cube.ide.mcu.externaltools.gnu-tools-for-stm32.9-2020-q2-update.win32_1.5.0.202011040924/tools/bin/../lib/gcc/arm-none-eabi/9.3.1/../../../../arm-none-eabi/lib/thumb/v6-m/nofp\libc_nano.a(lib_a-memset.o)
                0x0000000008003220                memset
 *(.glue_7)
 .glue_7        0x0000000008003230        0x0 linker stubs
 *(.glue_7t)
 .glue_7t       0x0000000008003230        0x0 linker stubs
 *(.eh_frame)
 .eh_frame      0x0000000008003230        0x0 c:/st/stm32cubeide_1.6.0/stm32cubeide/plugins/com.st.stm32cube.ide.mcu.externaltools.gnu-tools-for-stm32.9-2020-q2-update.win32_1.5.0.202011040924/tools/bin/../lib/gcc/arm-none-eabi/9.3.1/thumb/v6-m/nofp/crtbegin.o
 *(.init)
 .init          0x0000000008003230        0x4 c:/st/stm32cubeide_1.6.0/stm32cubeide/plugins/com.st.stm32cube.ide.mcu.externaltools.gnu-tools-for-stm32.9-2020-q2-update.win32_1.5.0.202011040924/tools/bin/../lib/gcc/arm-none-eabi/9.3.1/thumb/v6-m/nofp/crti.o
                0x0000000008003230                _init
 .init          0x0000000008003234        0x8 c:/st/stm32cubeide_1.6.0/stm32cubeide/plugins/com.st.stm32cube.ide.mcu.externaltools.gnu-tools-for-stm32.9-2020-q2-update.win32_1.5.0.202011040924/tools/bin/../lib/gcc/arm-none-eabi/9.3.1/thumb/v6-m/nofp/crtn.o
 *(.fini)
 .fini          0x000000000800323c        0x4 c:/st/stm32cubeide_1.6.0/stm32cubeide/plugins/com.st.stm32cube.ide.mcu.externaltools.gnu-tools-for-stm32.9-2020-q2-update.win32_1.5.0.202011040924/tools/bin/../lib/gcc/arm-none-eabi/9.3.1/thumb/v6-m/nofp/crti.o
                0x000000000800323c                _fini
 .fini          0x0000000008003240        0x8 c:/st/stm32cubeide_1.6.0/stm32cubeide/plugins/com.st.stm32cube.ide.mcu.externaltools.gnu-tools-for-stm32.9-2020-q2-update.win32_1.5.0.202011040924/tools/bin/../lib/gcc/arm-none-eabi/9.3.1/thumb/v6-m/nofp/crtn.o
                0x0000000008003248                . = ALIGN (0x4)
                0x0000000008003248                _etext = .

.vfp11_veneer   0x0000000008003248        0x0
 .vfp11_veneer  0x0000000008003248        0x0 linker stubs

.v4_bx          0x0000000008003248        0x0
 .v4_bx         0x0000000008003248        0x0 linker stubs

.iplt           0x0000000008003248        0x0
 .iplt          0x0000000008003248        0x0 c:/st/stm32cubeide_1.6.0/stm32cubeide/plugins/com.st.stm32cube.ide.mcu.externaltools.gnu-tools-for-stm32.9-2020-q2-update.win32_1.5.0.202011040924/tools/bin/../lib/gcc/arm-none-eabi/9.3.1/thumb/v6-m/nofp/crtbegin.o

.rodata         0x0000000008003248       0x50
                0x0000000008003248                . = ALIGN (0x4)
 *(.rodata)
 .rodata        0x0000000008003248       0x20 Drivers/STM32F0xx_HAL_Driver/Src/stm32f0xx_hal_rcc.o
 *(.rodata*)
 .rodata._process_programming_state
                0x0000000008003268       0x18 Core/Src/lukes-code/midi.o
 .rodata.AHBPrescTable
                0x0000000008003280       0x10 Core/Src/system_stm32f0xx.o
                0x0000000008003280                AHBPrescTable
 .rodata.APBPrescTable
                0x0000000008003290        0x8 Core/Src/system_stm32f0xx.o
                0x0000000008003290                APBPrescTable
                0x0000000008003298                . = ALIGN (0x4)

.rel.dyn        0x0000000008003298        0x0
 .rel.iplt      0x0000000008003298        0x0 c:/st/stm32cubeide_1.6.0/stm32cubeide/plugins/com.st.stm32cube.ide.mcu.externaltools.gnu-tools-for-stm32.9-2020-q2-update.win32_1.5.0.202011040924/tools/bin/../lib/gcc/arm-none-eabi/9.3.1/thumb/v6-m/nofp/crtbegin.o

.ARM.extab      0x0000000008003298        0x0
                0x0000000008003298                . = ALIGN (0x4)
 *(.ARM.extab* .gnu.linkonce.armextab.*)
                0x0000000008003298                . = ALIGN (0x4)

.ARM            0x0000000008003298        0x0
                0x0000000008003298                . = ALIGN (0x4)
                0x0000000008003298                __exidx_start = .
 *(.ARM.exidx*)
                0x0000000008003298                __exidx_end = .
                0x0000000008003298                . = ALIGN (0x4)

.preinit_array  0x0000000008003298        0x0
                0x0000000008003298                . = ALIGN (0x4)
                0x0000000008003298                PROVIDE (__preinit_array_start = .)
 *(.preinit_array*)
                0x0000000008003298                PROVIDE (__preinit_array_end = .)
                0x0000000008003298                . = ALIGN (0x4)

.init_array     0x0000000008003298        0x4
                0x0000000008003298                . = ALIGN (0x4)
                0x0000000008003298                PROVIDE (__init_array_start = .)
 *(SORT_BY_NAME(.init_array.*))
 *(.init_array*)
 .init_array    0x0000000008003298        0x4 c:/st/stm32cubeide_1.6.0/stm32cubeide/plugins/com.st.stm32cube.ide.mcu.externaltools.gnu-tools-for-stm32.9-2020-q2-update.win32_1.5.0.202011040924/tools/bin/../lib/gcc/arm-none-eabi/9.3.1/thumb/v6-m/nofp/crtbegin.o
                0x000000000800329c                PROVIDE (__init_array_end = .)
                0x000000000800329c                . = ALIGN (0x4)

.fini_array     0x000000000800329c        0x4
                0x000000000800329c                . = ALIGN (0x4)
                [!provide]                        PROVIDE (__fini_array_start = .)
 *(SORT_BY_NAME(.fini_array.*))
 *(.fini_array*)
 .fini_array    0x000000000800329c        0x4 c:/st/stm32cubeide_1.6.0/stm32cubeide/plugins/com.st.stm32cube.ide.mcu.externaltools.gnu-tools-for-stm32.9-2020-q2-update.win32_1.5.0.202011040924/tools/bin/../lib/gcc/arm-none-eabi/9.3.1/thumb/v6-m/nofp/crtbegin.o
                [!provide]                        PROVIDE (__fini_array_end = .)
                0x00000000080032a0                . = ALIGN (0x4)
                0x00000000080032a0                _sidata = LOADADDR (.data)

.data           0x0000000020000000       0x10 load address 0x00000000080032a0
                0x0000000020000000                . = ALIGN (0x4)
                0x0000000020000000                _sdata = .
 *(.data)
 *(.data*)
 .data.message  0x0000000020000000        0x1 Core/Src/main.o
                0x0000000020000000                message
 *fill*         0x0000000020000001        0x3 
 .data.SystemCoreClock
                0x0000000020000004        0x4 Core/Src/system_stm32f0xx.o
                0x0000000020000004                SystemCoreClock
 .data.uwTickPrio
                0x0000000020000008        0x4 Drivers/STM32F0xx_HAL_Driver/Src/stm32f0xx_hal.o
                0x0000000020000008                uwTickPrio
 .data.uwTickFreq
                0x000000002000000c        0x1 Drivers/STM32F0xx_HAL_Driver/Src/stm32f0xx_hal.o
                0x000000002000000c                uwTickFreq
                0x0000000020000010                . = ALIGN (0x4)
 *fill*         0x000000002000000d        0x3 
                0x0000000020000010                _edata = .

.igot.plt       0x0000000020000010        0x0 load address 0x00000000080032b0
 .igot.plt      0x0000000020000010        0x0 c:/st/stm32cubeide_1.6.0/stm32cubeide/plugins/com.st.stm32cube.ide.mcu.externaltools.gnu-tools-for-stm32.9-2020-q2-update.win32_1.5.0.202011040924/tools/bin/../lib/gcc/arm-none-eabi/9.3.1/thumb/v6-m/nofp/crtbegin.o
                0x0000000020000010                . = ALIGN (0x4)

.bss            0x0000000020000010      0x140 load address 0x00000000080032b0
                0x0000000020000010                _sbss = .
                0x0000000020000010                __bss_start__ = _sbss
 *(.bss)
 .bss           0x0000000020000010       0x1c c:/st/stm32cubeide_1.6.0/stm32cubeide/plugins/com.st.stm32cube.ide.mcu.externaltools.gnu-tools-for-stm32.9-2020-q2-update.win32_1.5.0.202011040924/tools/bin/../lib/gcc/arm-none-eabi/9.3.1/thumb/v6-m/nofp/crtbegin.o
 *(.bss*)
 .bss.CURRENT_STATUS
                0x000000002000002c        0x4 Core/Src/lukes-code/midi.o
                0x000000002000002c                CURRENT_STATUS
 .bss.read_key_num
                0x0000000020000030        0x4 Core/Src/lukes-code/midi.o
                0x0000000020000030                read_key_num
 .bss.is_flipped
                0x0000000020000034        0x1 Core/Src/lukes-code/strummer.o
                0x0000000020000034                is_flipped
 *(COMMON)
 *fill*         0x0000000020000035        0x3 
 COMMON         0x0000000020000038        0xc Core/Src/lukes-code/config.o
                0x0000000020000038                ram_config
 COMMON         0x0000000020000044       0x18 Core/Src/lukes-code/midi.o
                0x0000000020000044                record_scratch_pulse
                0x0000000020000048                recived_modulation
                0x000000002000004c                state
                0x000000002000004d                programming_state
                0x0000000020000050                recived_control_number
                0x0000000020000054                recived_velocity
                0x0000000020000058                recived_key
 COMMON         0x000000002000005c       0xcc Core/Src/main.o
                0x000000002000005c                huart1
                0x00000000200000e0                htim1
 COMMON         0x0000000020000128        0x4 Drivers/STM32F0xx_HAL_Driver/Src/stm32f0xx_hal.o
                0x0000000020000128                uwTick
 *fill*         0x000000002000012c        0x4 
 COMMON         0x0000000020000130       0x20 Drivers/STM32F0xx_HAL_Driver/Src/stm32f0xx_hal_flash.o
                0x0000000020000130                pFlash
                0x0000000020000150                . = ALIGN (0x4)
                0x0000000020000150                _ebss = .
                0x0000000020000150                __bss_end__ = _ebss

._user_heap_stack
                0x0000000020000150      0x600 load address 0x00000000080032b0
                0x0000000020000150                . = ALIGN (0x8)
                0x0000000020000150                PROVIDE (end = .)
                [!provide]                        PROVIDE (_end = .)
                0x0000000020000350                . = (. + _Min_Heap_Size)
 *fill*         0x0000000020000150      0x200 
                0x0000000020000750                . = (. + _Min_Stack_Size)
 *fill*         0x0000000020000350      0x400 
                0x0000000020000750                . = ALIGN (0x8)

/DISCARD/
 libc.a(*)
 libm.a(*)
 libgcc.a(*)

.ARM.attributes
                0x0000000000000000       0x28
 *(.ARM.attributes)
 .ARM.attributes
                0x0000000000000000       0x1e c:/st/stm32cubeide_1.6.0/stm32cubeide/plugins/com.st.stm32cube.ide.mcu.externaltools.gnu-tools-for-stm32.9-2020-q2-update.win32_1.5.0.202011040924/tools/bin/../lib/gcc/arm-none-eabi/9.3.1/thumb/v6-m/nofp/crti.o
 .ARM.attributes
                0x000000000000001e       0x2c c:/st/stm32cubeide_1.6.0/stm32cubeide/plugins/com.st.stm32cube.ide.mcu.externaltools.gnu-tools-for-stm32.9-2020-q2-update.win32_1.5.0.202011040924/tools/bin/../lib/gcc/arm-none-eabi/9.3.1/thumb/v6-m/nofp/crtbegin.o
 .ARM.attributes
                0x000000000000004a       0x2c Core/Src/lukes-code/config.o
 .ARM.attributes
                0x0000000000000076       0x2c Core/Src/lukes-code/led.o
 .ARM.attributes
                0x00000000000000a2       0x2c Core/Src/lukes-code/midi.o
 .ARM.attributes
                0x00000000000000ce       0x2c Core/Src/lukes-code/strummer.o
 .ARM.attributes
                0x00000000000000fa       0x2c Core/Src/main.o
 .ARM.attributes
                0x0000000000000126       0x2c Core/Src/stm32f0xx_hal_msp.o
 .ARM.attributes
                0x0000000000000152       0x2c Core/Src/stm32f0xx_it.o
 .ARM.attributes
                0x000000000000017e       0x2c Core/Src/system_stm32f0xx.o
 .ARM.attributes
                0x00000000000001aa       0x21 Core/Startup/startup_stm32f030f4px.o
 .ARM.attributes
                0x00000000000001cb       0x2c Drivers/STM32F0xx_HAL_Driver/Src/stm32f0xx_hal.o
 .ARM.attributes
                0x00000000000001f7       0x2c Drivers/STM32F0xx_HAL_Driver/Src/stm32f0xx_hal_cortex.o
 .ARM.attributes
                0x0000000000000223       0x2c Drivers/STM32F0xx_HAL_Driver/Src/stm32f0xx_hal_flash.o
 .ARM.attributes
                0x000000000000024f       0x2c Drivers/STM32F0xx_HAL_Driver/Src/stm32f0xx_hal_flash_ex.o
 .ARM.attributes
                0x000000000000027b       0x2c Drivers/STM32F0xx_HAL_Driver/Src/stm32f0xx_hal_gpio.o
 .ARM.attributes
                0x00000000000002a7       0x2c Drivers/STM32F0xx_HAL_Driver/Src/stm32f0xx_hal_rcc.o
 .ARM.attributes
                0x00000000000002d3       0x2c Drivers/STM32F0xx_HAL_Driver/Src/stm32f0xx_hal_rcc_ex.o
 .ARM.attributes
                0x00000000000002ff       0x2c Drivers/STM32F0xx_HAL_Driver/Src/stm32f0xx_hal_tim.o
 .ARM.attributes
                0x000000000000032b       0x2c Drivers/STM32F0xx_HAL_Driver/Src/stm32f0xx_hal_tim_ex.o
 .ARM.attributes
                0x0000000000000357       0x2c Drivers/STM32F0xx_HAL_Driver/Src/stm32f0xx_hal_uart.o
 .ARM.attributes
                0x0000000000000383       0x2c c:/st/stm32cubeide_1.6.0/stm32cubeide/plugins/com.st.stm32cube.ide.mcu.externaltools.gnu-tools-for-stm32.9-2020-q2-update.win32_1.5.0.202011040924/tools/bin/../lib/gcc/arm-none-eabi/9.3.1/../../../../arm-none-eabi/lib/thumb/v6-m/nofp\libc_nano.a(lib_a-init.o)
 .ARM.attributes
                0x00000000000003af       0x2c c:/st/stm32cubeide_1.6.0/stm32cubeide/plugins/com.st.stm32cube.ide.mcu.externaltools.gnu-tools-for-stm32.9-2020-q2-update.win32_1.5.0.202011040924/tools/bin/../lib/gcc/arm-none-eabi/9.3.1/../../../../arm-none-eabi/lib/thumb/v6-m/nofp\libc_nano.a(lib_a-memset.o)
 .ARM.attributes
                0x00000000000003db       0x1e c:/st/stm32cubeide_1.6.0/stm32cubeide/plugins/com.st.stm32cube.ide.mcu.externaltools.gnu-tools-for-stm32.9-2020-q2-update.win32_1.5.0.202011040924/tools/bin/../lib/gcc/arm-none-eabi/9.3.1/thumb/v6-m/nofp\libgcc.a(_udivsi3.o)
 .ARM.attributes
                0x00000000000003f9       0x1e c:/st/stm32cubeide_1.6.0/stm32cubeide/plugins/com.st.stm32cube.ide.mcu.externaltools.gnu-tools-for-stm32.9-2020-q2-update.win32_1.5.0.202011040924/tools/bin/../lib/gcc/arm-none-eabi/9.3.1/thumb/v6-m/nofp\libgcc.a(_dvmd_tls.o)
 .ARM.attributes
                0x0000000000000417       0x1e c:/st/stm32cubeide_1.6.0/stm32cubeide/plugins/com.st.stm32cube.ide.mcu.externaltools.gnu-tools-for-stm32.9-2020-q2-update.win32_1.5.0.202011040924/tools/bin/../lib/gcc/arm-none-eabi/9.3.1/thumb/v6-m/nofp/crtn.o
OUTPUT(guitar-actuator-board.elf elf32-littlearm)
LOAD linker stubs
LOAD c:/st/stm32cubeide_1.6.0/stm32cubeide/plugins/com.st.stm32cube.ide.mcu.externaltools.gnu-tools-for-stm32.9-2020-q2-update.win32_1.5.0.202011040924/tools/bin/../lib/gcc/arm-none-eabi/9.3.1/../../../../arm-none-eabi/lib/thumb/v6-m/nofp\libc.a
LOAD c:/st/stm32cubeide_1.6.0/stm32cubeide/plugins/com.st.stm32cube.ide.mcu.externaltools.gnu-tools-for-stm32.9-2020-q2-update.win32_1.5.0.202011040924/tools/bin/../lib/gcc/arm-none-eabi/9.3.1/../../../../arm-none-eabi/lib/thumb/v6-m/nofp\libm.a
LOAD c:/st/stm32cubeide_1.6.0/stm32cubeide/plugins/com.st.stm32cube.ide.mcu.externaltools.gnu-tools-for-stm32.9-2020-q2-update.win32_1.5.0.202011040924/tools/bin/../lib/gcc/arm-none-eabi/9.3.1/thumb/v6-m/nofp\libgcc.a

.debug_info     0x0000000000000000     0xc282
 .debug_info    0x0000000000000000      0xb73 Core/Src/lukes-code/config.o
 .debug_info    0x0000000000000b73      0x2aa Core/Src/lukes-code/led.o
 .debug_info    0x0000000000000e1d      0x8dd Core/Src/lukes-code/midi.o
 .debug_info    0x00000000000016fa      0x33f Core/Src/lukes-code/strummer.o
 .debug_info    0x0000000000001a39     0x1116 Core/Src/main.o
 .debug_info    0x0000000000002b4f      0xd98 Core/Src/stm32f0xx_hal_msp.o
 .debug_info    0x00000000000038e7      0x1b3 Core/Src/stm32f0xx_it.o
 .debug_info    0x0000000000003a9a      0x2c3 Core/Src/system_stm32f0xx.o
 .debug_info    0x0000000000003d5d       0x22 Core/Startup/startup_stm32f030f4px.o
 .debug_info    0x0000000000003d7f      0x6be Drivers/STM32F0xx_HAL_Driver/Src/stm32f0xx_hal.o
 .debug_info    0x000000000000443d      0x7a0 Drivers/STM32F0xx_HAL_Driver/Src/stm32f0xx_hal_cortex.o
 .debug_info    0x0000000000004bdd      0x5c0 Drivers/STM32F0xx_HAL_Driver/Src/stm32f0xx_hal_flash.o
 .debug_info    0x000000000000519d      0x79d Drivers/STM32F0xx_HAL_Driver/Src/stm32f0xx_hal_flash_ex.o
 .debug_info    0x000000000000593a      0x6d3 Drivers/STM32F0xx_HAL_Driver/Src/stm32f0xx_hal_gpio.o
 .debug_info    0x000000000000600d      0x88d Drivers/STM32F0xx_HAL_Driver/Src/stm32f0xx_hal_rcc.o
 .debug_info    0x000000000000689a      0x401 Drivers/STM32F0xx_HAL_Driver/Src/stm32f0xx_hal_rcc_ex.o
 .debug_info    0x0000000000006c9b     0x2a17 Drivers/STM32F0xx_HAL_Driver/Src/stm32f0xx_hal_tim.o
 .debug_info    0x00000000000096b2     0x1469 Drivers/STM32F0xx_HAL_Driver/Src/stm32f0xx_hal_tim_ex.o
 .debug_info    0x000000000000ab1b     0x1767 Drivers/STM32F0xx_HAL_Driver/Src/stm32f0xx_hal_uart.o

.debug_abbrev   0x0000000000000000     0x22a3
 .debug_abbrev  0x0000000000000000      0x24b Core/Src/lukes-code/config.o
 .debug_abbrev  0x000000000000024b      0x12e Core/Src/lukes-code/led.o
 .debug_abbrev  0x0000000000000379      0x1a7 Core/Src/lukes-code/midi.o
 .debug_abbrev  0x0000000000000520      0x156 Core/Src/lukes-code/strummer.o
 .debug_abbrev  0x0000000000000676      0x22f Core/Src/main.o
 .debug_abbrev  0x00000000000008a5      0x1db Core/Src/stm32f0xx_hal_msp.o
 .debug_abbrev  0x0000000000000a80       0xd2 Core/Src/stm32f0xx_it.o
 .debug_abbrev  0x0000000000000b52      0x145 Core/Src/system_stm32f0xx.o
 .debug_abbrev  0x0000000000000c97       0x12 Core/Startup/startup_stm32f030f4px.o
 .debug_abbrev  0x0000000000000ca9      0x21e Drivers/STM32F0xx_HAL_Driver/Src/stm32f0xx_hal.o
 .debug_abbrev  0x0000000000000ec7      0x2a9 Drivers/STM32F0xx_HAL_Driver/Src/stm32f0xx_hal_cortex.o
 .debug_abbrev  0x0000000000001170      0x22f Drivers/STM32F0xx_HAL_Driver/Src/stm32f0xx_hal_flash.o
 .debug_abbrev  0x000000000000139f      0x218 Drivers/STM32F0xx_HAL_Driver/Src/stm32f0xx_hal_flash_ex.o
 .debug_abbrev  0x00000000000015b7      0x1e8 Drivers/STM32F0xx_HAL_Driver/Src/stm32f0xx_hal_gpio.o
 .debug_abbrev  0x000000000000179f      0x23b Drivers/STM32F0xx_HAL_Driver/Src/stm32f0xx_hal_rcc.o
 .debug_abbrev  0x00000000000019da      0x193 Drivers/STM32F0xx_HAL_Driver/Src/stm32f0xx_hal_rcc_ex.o
 .debug_abbrev  0x0000000000001b6d      0x26f Drivers/STM32F0xx_HAL_Driver/Src/stm32f0xx_hal_tim.o
 .debug_abbrev  0x0000000000001ddc      0x277 Drivers/STM32F0xx_HAL_Driver/Src/stm32f0xx_hal_tim_ex.o
 .debug_abbrev  0x0000000000002053      0x250 Drivers/STM32F0xx_HAL_Driver/Src/stm32f0xx_hal_uart.o

.debug_aranges  0x0000000000000000      0xce0
 .debug_aranges
                0x0000000000000000       0x30 Core/Src/lukes-code/config.o
 .debug_aranges
                0x0000000000000030       0x38 Core/Src/lukes-code/led.o
 .debug_aranges
                0x0000000000000068       0x28 Core/Src/lukes-code/midi.o
 .debug_aranges
                0x0000000000000090       0x28 Core/Src/lukes-code/strummer.o
 .debug_aranges
                0x00000000000000b8       0x48 Core/Src/main.o
 .debug_aranges
                0x0000000000000100       0x48 Core/Src/stm32f0xx_hal_msp.o
 .debug_aranges
                0x0000000000000148       0x40 Core/Src/stm32f0xx_it.o
 .debug_aranges
                0x0000000000000188       0x28 Core/Src/system_stm32f0xx.o
 .debug_aranges
                0x00000000000001b0       0x28 Core/Startup/startup_stm32f030f4px.o
 .debug_aranges
                0x00000000000001d8       0xd0 Drivers/STM32F0xx_HAL_Driver/Src/stm32f0xx_hal.o
 .debug_aranges
                0x00000000000002a8       0xc0 Drivers/STM32F0xx_HAL_Driver/Src/stm32f0xx_hal_cortex.o
 .debug_aranges
                0x0000000000000368       0x88 Drivers/STM32F0xx_HAL_Driver/Src/stm32f0xx_hal_flash.o
 .debug_aranges
                0x00000000000003f0       0x98 Drivers/STM32F0xx_HAL_Driver/Src/stm32f0xx_hal_flash_ex.o
 .debug_aranges
                0x0000000000000488       0x58 Drivers/STM32F0xx_HAL_Driver/Src/stm32f0xx_hal_gpio.o
 .debug_aranges
                0x00000000000004e0       0x80 Drivers/STM32F0xx_HAL_Driver/Src/stm32f0xx_hal_rcc.o
 .debug_aranges
                0x0000000000000560       0x30 Drivers/STM32F0xx_HAL_Driver/Src/stm32f0xx_hal_rcc_ex.o
 .debug_aranges
                0x0000000000000590      0x3d0 Drivers/STM32F0xx_HAL_Driver/Src/stm32f0xx_hal_tim.o
 .debug_aranges
                0x0000000000000960      0x168 Drivers/STM32F0xx_HAL_Driver/Src/stm32f0xx_hal_tim_ex.o
 .debug_aranges
                0x0000000000000ac8      0x218 Drivers/STM32F0xx_HAL_Driver/Src/stm32f0xx_hal_uart.o

.debug_ranges   0x0000000000000000      0xbe8
 .debug_ranges  0x0000000000000000       0x20 Core/Src/lukes-code/config.o
 .debug_ranges  0x0000000000000020       0x28 Core/Src/lukes-code/led.o
 .debug_ranges  0x0000000000000048       0x18 Core/Src/lukes-code/midi.o
 .debug_ranges  0x0000000000000060       0x18 Core/Src/lukes-code/strummer.o
 .debug_ranges  0x0000000000000078       0x38 Core/Src/main.o
 .debug_ranges  0x00000000000000b0       0x38 Core/Src/stm32f0xx_hal_msp.o
 .debug_ranges  0x00000000000000e8       0x30 Core/Src/stm32f0xx_it.o
 .debug_ranges  0x0000000000000118       0x18 Core/Src/system_stm32f0xx.o
 .debug_ranges  0x0000000000000130       0x20 Core/Startup/startup_stm32f030f4px.o
 .debug_ranges  0x0000000000000150       0xc0 Drivers/STM32F0xx_HAL_Driver/Src/stm32f0xx_hal.o
 .debug_ranges  0x0000000000000210       0xb0 Drivers/STM32F0xx_HAL_Driver/Src/stm32f0xx_hal_cortex.o
 .debug_ranges  0x00000000000002c0       0x78 Drivers/STM32F0xx_HAL_Driver/Src/stm32f0xx_hal_flash.o
 .debug_ranges  0x0000000000000338       0x88 Drivers/STM32F0xx_HAL_Driver/Src/stm32f0xx_hal_flash_ex.o
 .debug_ranges  0x00000000000003c0       0x48 Drivers/STM32F0xx_HAL_Driver/Src/stm32f0xx_hal_gpio.o
 .debug_ranges  0x0000000000000408       0x70 Drivers/STM32F0xx_HAL_Driver/Src/stm32f0xx_hal_rcc.o
 .debug_ranges  0x0000000000000478       0x20 Drivers/STM32F0xx_HAL_Driver/Src/stm32f0xx_hal_rcc_ex.o
 .debug_ranges  0x0000000000000498      0x3c0 Drivers/STM32F0xx_HAL_Driver/Src/stm32f0xx_hal_tim.o
 .debug_ranges  0x0000000000000858      0x158 Drivers/STM32F0xx_HAL_Driver/Src/stm32f0xx_hal_tim_ex.o
 .debug_ranges  0x00000000000009b0      0x238 Drivers/STM32F0xx_HAL_Driver/Src/stm32f0xx_hal_uart.o

.debug_macro    0x0000000000000000    0x1089e
 .debug_macro   0x0000000000000000      0x2ab Core/Src/lukes-code/config.o
 .debug_macro   0x00000000000002ab      0xa7e Core/Src/lukes-code/config.o
 .debug_macro   0x0000000000000d29       0x22 Core/Src/lukes-code/config.o
 .debug_macro   0x0000000000000d4b       0x8e Core/Src/lukes-code/config.o
 .debug_macro   0x0000000000000dd9       0x51 Core/Src/lukes-code/config.o
 .debug_macro   0x0000000000000e2a      0x103 Core/Src/lukes-code/config.o
 .debug_macro   0x0000000000000f2d       0x6a Core/Src/lukes-code/config.o
 .debug_macro   0x0000000000000f97      0x1df Core/Src/lukes-code/config.o
 .debug_macro   0x0000000000001176      0x133 Core/Src/lukes-code/config.o
 .debug_macro   0x00000000000012a9       0x2e Core/Src/lukes-code/config.o
 .debug_macro   0x00000000000012d7       0x22 Core/Src/lukes-code/config.o
 .debug_macro   0x00000000000012f9       0x1c Core/Src/lukes-code/config.o
 .debug_macro   0x0000000000001315       0x22 Core/Src/lukes-code/config.o
 .debug_macro   0x0000000000001337       0xb5 Core/Src/lukes-code/config.o
 .debug_macro   0x00000000000013ec      0x391 Core/Src/lukes-code/config.o
 .debug_macro   0x000000000000177d     0x6e60 Core/Src/lukes-code/config.o
 .debug_macro   0x00000000000085dd       0x3c Core/Src/lukes-code/config.o
 .debug_macro   0x0000000000008619     0x3461 Core/Src/lukes-code/config.o
 .debug_macro   0x000000000000ba7a      0x174 Core/Src/lukes-code/config.o
 .debug_macro   0x000000000000bbee       0x55 Core/Src/lukes-code/config.o
 .debug_macro   0x000000000000bc43      0x924 Core/Src/lukes-code/config.o
 .debug_macro   0x000000000000c567       0xe5 Core/Src/lukes-code/config.o
 .debug_macro   0x000000000000c64c      0x12f Core/Src/lukes-code/config.o
 .debug_macro   0x000000000000c77b       0xb3 Core/Src/lukes-code/config.o
 .debug_macro   0x000000000000c82e      0x1a0 Core/Src/lukes-code/config.o
 .debug_macro   0x000000000000c9ce      0x1ed Core/Src/lukes-code/config.o
 .debug_macro   0x000000000000cbbb       0x34 Core/Src/lukes-code/config.o
 .debug_macro   0x000000000000cbef       0x43 Core/Src/lukes-code/config.o
 .debug_macro   0x000000000000cc32       0x28 Core/Src/lukes-code/config.o
 .debug_macro   0x000000000000cc5a       0xb0 Core/Src/lukes-code/config.o
 .debug_macro   0x000000000000cd0a      0x15a Core/Src/lukes-code/config.o
 .debug_macro   0x000000000000ce64      0x22c Core/Src/lukes-code/config.o
 .debug_macro   0x000000000000d090       0x60 Core/Src/lukes-code/config.o
 .debug_macro   0x000000000000d0f0       0xa5 Core/Src/lukes-code/config.o
 .debug_macro   0x000000000000d195       0x4c Core/Src/lukes-code/config.o
 .debug_macro   0x000000000000d1e1       0x2b Core/Src/lukes-code/config.o
 .debug_macro   0x000000000000d20c      0x8d8 Core/Src/lukes-code/config.o
 .debug_macro   0x000000000000dae4       0x28 Core/Src/lukes-code/config.o
 .debug_macro   0x000000000000db0c      0x55f Core/Src/lukes-code/config.o
 .debug_macro   0x000000000000e06b       0x3e Core/Src/lukes-code/config.o
 .debug_macro   0x000000000000e0a9       0xf1 Core/Src/lukes-code/config.o
 .debug_macro   0x000000000000e19a       0x16 Core/Src/lukes-code/config.o
 .debug_macro   0x000000000000e1b0       0x52 Core/Src/lukes-code/config.o
 .debug_macro   0x000000000000e202       0x18 Core/Src/lukes-code/config.o
 .debug_macro   0x000000000000e21a       0x3c Core/Src/lukes-code/config.o
 .debug_macro   0x000000000000e256       0x34 Core/Src/lukes-code/config.o
 .debug_macro   0x000000000000e28a       0x16 Core/Src/lukes-code/config.o
 .debug_macro   0x000000000000e2a0       0x43 Core/Src/lukes-code/config.o
 .debug_macro   0x000000000000e2e3       0x34 Core/Src/lukes-code/config.o
 .debug_macro   0x000000000000e317       0x10 Core/Src/lukes-code/config.o
 .debug_macro   0x000000000000e327       0x58 Core/Src/lukes-code/config.o
 .debug_macro   0x000000000000e37f       0x71 Core/Src/lukes-code/config.o
 .debug_macro   0x000000000000e3f0       0x1c Core/Src/lukes-code/config.o
 .debug_macro   0x000000000000e40c      0x12a Core/Src/lukes-code/config.o
 .debug_macro   0x000000000000e536      0x333 Core/Src/lukes-code/config.o
 .debug_macro   0x000000000000e869       0x10 Core/Src/lukes-code/config.o
 .debug_macro   0x000000000000e879       0x35 Core/Src/lukes-code/config.o
 .debug_macro   0x000000000000e8ae       0x20 Core/Src/lukes-code/config.o
 .debug_macro   0x000000000000e8ce       0x22 Core/Src/lukes-code/config.o
 .debug_macro   0x000000000000e8f0      0x1d0 Core/Src/lukes-code/led.o
 .debug_macro   0x000000000000eac0       0x10 Core/Src/lukes-code/led.o
 .debug_macro   0x000000000000ead0      0x242 Core/Src/lukes-code/midi.o
 .debug_macro   0x000000000000ed12      0x1f2 Core/Src/lukes-code/strummer.o
 .debug_macro   0x000000000000ef04       0x10 Core/Src/lukes-code/strummer.o
 .debug_macro   0x000000000000ef14      0x1f7 Core/Src/main.o
 .debug_macro   0x000000000000f10b      0x1d0 Core/Src/stm32f0xx_hal_msp.o
 .debug_macro   0x000000000000f2db      0x1da Core/Src/stm32f0xx_it.o
 .debug_macro   0x000000000000f4b5      0x1c1 Core/Src/system_stm32f0xx.o
 .debug_macro   0x000000000000f676      0x1e5 Drivers/STM32F0xx_HAL_Driver/Src/stm32f0xx_hal.o
 .debug_macro   0x000000000000f85b      0x1c1 Drivers/STM32F0xx_HAL_Driver/Src/stm32f0xx_hal_cortex.o
 .debug_macro   0x000000000000fa1c      0x1c1 Drivers/STM32F0xx_HAL_Driver/Src/stm32f0xx_hal_flash.o
 .debug_macro   0x000000000000fbdd      0x1d3 Drivers/STM32F0xx_HAL_Driver/Src/stm32f0xx_hal_flash_ex.o
 .debug_macro   0x000000000000fdb0      0x1f9 Drivers/STM32F0xx_HAL_Driver/Src/stm32f0xx_hal_gpio.o
 .debug_macro   0x000000000000ffa9      0x1d3 Drivers/STM32F0xx_HAL_Driver/Src/stm32f0xx_hal_rcc.o
 .debug_macro   0x000000000001017c      0x1c1 Drivers/STM32F0xx_HAL_Driver/Src/stm32f0xx_hal_rcc_ex.o
 .debug_macro   0x000000000001033d      0x1c2 Drivers/STM32F0xx_HAL_Driver/Src/stm32f0xx_hal_tim.o
 .debug_macro   0x00000000000104ff      0x1c1 Drivers/STM32F0xx_HAL_Driver/Src/stm32f0xx_hal_tim_ex.o
 .debug_macro   0x00000000000106c0      0x1de Drivers/STM32F0xx_HAL_Driver/Src/stm32f0xx_hal_uart.o

.debug_line     0x0000000000000000    0x1059b
 .debug_line    0x0000000000000000      0xa11 Core/Src/lukes-code/config.o
 .debug_line    0x0000000000000a11      0x850 Core/Src/lukes-code/led.o
 .debug_line    0x0000000000001261      0x94d Core/Src/lukes-code/midi.o
 .debug_line    0x0000000000001bae      0x83d Core/Src/lukes-code/strummer.o
 .debug_line    0x00000000000023eb      0x9a0 Core/Src/main.o
 .debug_line    0x0000000000002d8b      0x8a0 Core/Src/stm32f0xx_hal_msp.o
 .debug_line    0x000000000000362b      0x84a Core/Src/stm32f0xx_it.o
 .debug_line    0x0000000000003e75      0x85b Core/Src/system_stm32f0xx.o
 .debug_line    0x00000000000046d0       0x89 Core/Startup/startup_stm32f030f4px.o
 .debug_line    0x0000000000004759      0xa66 Drivers/STM32F0xx_HAL_Driver/Src/stm32f0xx_hal.o
 .debug_line    0x00000000000051bf      0xb12 Drivers/STM32F0xx_HAL_Driver/Src/stm32f0xx_hal_cortex.o
 .debug_line    0x0000000000005cd1      0xb2e Drivers/STM32F0xx_HAL_Driver/Src/stm32f0xx_hal_flash.o
 .debug_line    0x00000000000067ff      0xbdd Drivers/STM32F0xx_HAL_Driver/Src/stm32f0xx_hal_flash_ex.o
 .debug_line    0x00000000000073dc      0xbed Drivers/STM32F0xx_HAL_Driver/Src/stm32f0xx_hal_gpio.o
 .debug_line    0x0000000000007fc9      0xe52 Drivers/STM32F0xx_HAL_Driver/Src/stm32f0xx_hal_rcc.o
 .debug_line    0x0000000000008e1b      0x9c5 Drivers/STM32F0xx_HAL_Driver/Src/stm32f0xx_hal_rcc_ex.o
 .debug_line    0x00000000000097e0     0x3606 Drivers/STM32F0xx_HAL_Driver/Src/stm32f0xx_hal_tim.o
 .debug_line    0x000000000000cde6     0x1adf Drivers/STM32F0xx_HAL_Driver/Src/stm32f0xx_hal_tim_ex.o
 .debug_line    0x000000000000e8c5     0x1cd6 Drivers/STM32F0xx_HAL_Driver/Src/stm32f0xx_hal_uart.o

.debug_str      0x0000000000000000    0x63249
 .debug_str     0x0000000000000000    0x5f6e1 Core/Src/lukes-code/config.o
                                      0x5f9e8 (size before relaxing)
 .debug_str     0x000000000005f6e1       0xc7 Core/Src/lukes-code/led.o
                                      0x5c6eb (size before relaxing)
 .debug_str     0x000000000005f7a8      0x787 Core/Src/lukes-code/midi.o
                                      0x5ced3 (size before relaxing)
 .debug_str     0x000000000005ff2f       0x56 Core/Src/lukes-code/strummer.o
                                      0x5c7ce (size before relaxing)
 .debug_str     0x000000000005ff85      0x654 Core/Src/main.o
                                      0x5d39c (size before relaxing)
 .debug_str     0x00000000000605d9       0xa2 Core/Src/stm32f0xx_hal_msp.o
                                      0x5ce8d (size before relaxing)
 .debug_str     0x000000000006067b       0x76 Core/Src/stm32f0xx_it.o
                                      0x5c6c2 (size before relaxing)
 .debug_str     0x00000000000606f1       0x5f Core/Src/system_stm32f0xx.o
                                      0x5c6cd (size before relaxing)
 .debug_str     0x0000000000060750       0x36 Core/Startup/startup_stm32f030f4px.o
                                         0x74 (size before relaxing)
 .debug_str     0x0000000000060786      0x40f Drivers/STM32F0xx_HAL_Driver/Src/stm32f0xx_hal.o
                                      0x5cba0 (size before relaxing)
 .debug_str     0x0000000000060b95      0x1f0 Drivers/STM32F0xx_HAL_Driver/Src/stm32f0xx_hal_cortex.o
                                      0x5ca58 (size before relaxing)
 .debug_str     0x0000000000060d85      0x286 Drivers/STM32F0xx_HAL_Driver/Src/stm32f0xx_hal_flash.o
                                      0x5c988 (size before relaxing)
 .debug_str     0x000000000006100b      0x2cb Drivers/STM32F0xx_HAL_Driver/Src/stm32f0xx_hal_flash_ex.o
                                      0x5cadb (size before relaxing)
 .debug_str     0x00000000000612d6      0x205 Drivers/STM32F0xx_HAL_Driver/Src/stm32f0xx_hal_gpio.o
                                      0x5c969 (size before relaxing)
 .debug_str     0x00000000000614db      0x235 Drivers/STM32F0xx_HAL_Driver/Src/stm32f0xx_hal_rcc.o
                                      0x5cad7 (size before relaxing)
 .debug_str     0x0000000000061710       0xb1 Drivers/STM32F0xx_HAL_Driver/Src/stm32f0xx_hal_rcc_ex.o
                                      0x5c809 (size before relaxing)
 .debug_str     0x00000000000617c1      0xde6 Drivers/STM32F0xx_HAL_Driver/Src/stm32f0xx_hal_tim.o
                                      0x5da81 (size before relaxing)
 .debug_str     0x00000000000625a7      0x483 Drivers/STM32F0xx_HAL_Driver/Src/stm32f0xx_hal_tim_ex.o
                                      0x5d25b (size before relaxing)
 .debug_str     0x0000000000062a2a      0x81f Drivers/STM32F0xx_HAL_Driver/Src/stm32f0xx_hal_uart.o
                                      0x5d33e (size before relaxing)

.comment        0x0000000000000000       0x53
 .comment       0x0000000000000000       0x53 Core/Src/lukes-code/config.o
                                         0x54 (size before relaxing)
 .comment       0x0000000000000053       0x54 Core/Src/lukes-code/led.o
 .comment       0x0000000000000053       0x54 Core/Src/lukes-code/midi.o
 .comment       0x0000000000000053       0x54 Core/Src/lukes-code/strummer.o
 .comment       0x0000000000000053       0x54 Core/Src/main.o
 .comment       0x0000000000000053       0x54 Core/Src/stm32f0xx_hal_msp.o
 .comment       0x0000000000000053       0x54 Core/Src/stm32f0xx_it.o
 .comment       0x0000000000000053       0x54 Core/Src/system_stm32f0xx.o
 .comment       0x0000000000000053       0x54 Drivers/STM32F0xx_HAL_Driver/Src/stm32f0xx_hal.o
 .comment       0x0000000000000053       0x54 Drivers/STM32F0xx_HAL_Driver/Src/stm32f0xx_hal_cortex.o
 .comment       0x0000000000000053       0x54 Drivers/STM32F0xx_HAL_Driver/Src/stm32f0xx_hal_flash.o
 .comment       0x0000000000000053       0x54 Drivers/STM32F0xx_HAL_Driver/Src/stm32f0xx_hal_flash_ex.o
 .comment       0x0000000000000053       0x54 Drivers/STM32F0xx_HAL_Driver/Src/stm32f0xx_hal_gpio.o
 .comment       0x0000000000000053       0x54 Drivers/STM32F0xx_HAL_Driver/Src/stm32f0xx_hal_rcc.o
 .comment       0x0000000000000053       0x54 Drivers/STM32F0xx_HAL_Driver/Src/stm32f0xx_hal_rcc_ex.o
 .comment       0x0000000000000053       0x54 Drivers/STM32F0xx_HAL_Driver/Src/stm32f0xx_hal_tim.o
 .comment       0x0000000000000053       0x54 Drivers/STM32F0xx_HAL_Driver/Src/stm32f0xx_hal_tim_ex.o
 .comment       0x0000000000000053       0x54 Drivers/STM32F0xx_HAL_Driver/Src/stm32f0xx_hal_uart.o

.debug_frame    0x0000000000000000     0x2d24
 .debug_frame   0x0000000000000000       0x7c Core/Src/lukes-code/config.o
 .debug_frame   0x000000000000007c       0x84 Core/Src/lukes-code/led.o
 .debug_frame   0x0000000000000100       0x50 Core/Src/lukes-code/midi.o
 .debug_frame   0x0000000000000150       0x4c Core/Src/lukes-code/strummer.o
 .debug_frame   0x000000000000019c       0xc4 Core/Src/main.o
 .debug_frame   0x0000000000000260       0xd0 Core/Src/stm32f0xx_hal_msp.o
 .debug_frame   0x0000000000000330       0x9c Core/Src/stm32f0xx_it.o
 .debug_frame   0x00000000000003cc       0x4c Core/Src/system_stm32f0xx.o
 .debug_frame   0x0000000000000418      0x2a4 Drivers/STM32F0xx_HAL_Driver/Src/stm32f0xx_hal.o
 .debug_frame   0x00000000000006bc      0x2a0 Drivers/STM32F0xx_HAL_Driver/Src/stm32f0xx_hal_cortex.o
 .debug_frame   0x000000000000095c      0x1c4 Drivers/STM32F0xx_HAL_Driver/Src/stm32f0xx_hal_flash.o
 .debug_frame   0x0000000000000b20      0x220 Drivers/STM32F0xx_HAL_Driver/Src/stm32f0xx_hal_flash_ex.o
 .debug_frame   0x0000000000000d40      0x110 Drivers/STM32F0xx_HAL_Driver/Src/stm32f0xx_hal_gpio.o
 .debug_frame   0x0000000000000e50      0x198 Drivers/STM32F0xx_HAL_Driver/Src/stm32f0xx_hal_rcc.o
 .debug_frame   0x0000000000000fe8       0x70 Drivers/STM32F0xx_HAL_Driver/Src/stm32f0xx_hal_rcc_ex.o
 .debug_frame   0x0000000000001058      0xef8 Drivers/STM32F0xx_HAL_Driver/Src/stm32f0xx_hal_tim.o
 .debug_frame   0x0000000000001f50      0x558 Drivers/STM32F0xx_HAL_Driver/Src/stm32f0xx_hal_tim_ex.o
 .debug_frame   0x00000000000024a8      0x810 Drivers/STM32F0xx_HAL_Driver/Src/stm32f0xx_hal_uart.o
 .debug_frame   0x0000000000002cb8       0x2c c:/st/stm32cubeide_1.6.0/stm32cubeide/plugins/com.st.stm32cube.ide.mcu.externaltools.gnu-tools-for-stm32.9-2020-q2-update.win32_1.5.0.202011040924/tools/bin/../lib/gcc/arm-none-eabi/9.3.1/../../../../arm-none-eabi/lib/thumb/v6-m/nofp\libc_nano.a(lib_a-init.o)
 .debug_frame   0x0000000000002ce4       0x20 c:/st/stm32cubeide_1.6.0/stm32cubeide/plugins/com.st.stm32cube.ide.mcu.externaltools.gnu-tools-for-stm32.9-2020-q2-update.win32_1.5.0.202011040924/tools/bin/../lib/gcc/arm-none-eabi/9.3.1/../../../../arm-none-eabi/lib/thumb/v6-m/nofp\libc_nano.a(lib_a-memset.o)
 .debug_frame   0x0000000000002d04       0x20 c:/st/stm32cubeide_1.6.0/stm32cubeide/plugins/com.st.stm32cube.ide.mcu.externaltools.gnu-tools-for-stm32.9-2020-q2-update.win32_1.5.0.202011040924/tools/bin/../lib/gcc/arm-none-eabi/9.3.1/thumb/v6-m/nofp\libgcc.a(_udivsi3.o)
