Archive member included to satisfy reference by file (symbol)

/Applications/STM32CubeIDE.app/Contents/Eclipse/plugins/com.st.stm32cube.ide.mcu.externaltools.gnu-tools-for-stm32.7-2018-q2-update.macos64_1.5.0.202011040924/tools/bin/../lib/gcc/arm-none-eabi/7.3.1/../../../../arm-none-eabi/lib/thumb/v6-m/libc_nano.a(lib_a-errno.o)
                              Core/Src/syscalls.o (__errno)
/Applications/STM32CubeIDE.app/Contents/Eclipse/plugins/com.st.stm32cube.ide.mcu.externaltools.gnu-tools-for-stm32.7-2018-q2-update.macos64_1.5.0.202011040924/tools/bin/../lib/gcc/arm-none-eabi/7.3.1/../../../../arm-none-eabi/lib/thumb/v6-m/libc_nano.a(lib_a-exit.o)
                              /Applications/STM32CubeIDE.app/Contents/Eclipse/plugins/com.st.stm32cube.ide.mcu.externaltools.gnu-tools-for-stm32.7-2018-q2-update.macos64_1.5.0.202011040924/tools/bin/../lib/gcc/arm-none-eabi/7.3.1/../../../../arm-none-eabi/lib/thumb/v6-m/crt0.o (exit)
/Applications/STM32CubeIDE.app/Contents/Eclipse/plugins/com.st.stm32cube.ide.mcu.externaltools.gnu-tools-for-stm32.7-2018-q2-update.macos64_1.5.0.202011040924/tools/bin/../lib/gcc/arm-none-eabi/7.3.1/../../../../arm-none-eabi/lib/thumb/v6-m/libc_nano.a(lib_a-impure.o)
                              /Applications/STM32CubeIDE.app/Contents/Eclipse/plugins/com.st.stm32cube.ide.mcu.externaltools.gnu-tools-for-stm32.7-2018-q2-update.macos64_1.5.0.202011040924/tools/bin/../lib/gcc/arm-none-eabi/7.3.1/../../../../arm-none-eabi/lib/thumb/v6-m/libc_nano.a(lib_a-exit.o) (_global_impure_ptr)
/Applications/STM32CubeIDE.app/Contents/Eclipse/plugins/com.st.stm32cube.ide.mcu.externaltools.gnu-tools-for-stm32.7-2018-q2-update.macos64_1.5.0.202011040924/tools/bin/../lib/gcc/arm-none-eabi/7.3.1/../../../../arm-none-eabi/lib/thumb/v6-m/libc_nano.a(lib_a-init.o)
                              /Applications/STM32CubeIDE.app/Contents/Eclipse/plugins/com.st.stm32cube.ide.mcu.externaltools.gnu-tools-for-stm32.7-2018-q2-update.macos64_1.5.0.202011040924/tools/bin/../lib/gcc/arm-none-eabi/7.3.1/../../../../arm-none-eabi/lib/thumb/v6-m/crt0.o (__libc_init_array)
/Applications/STM32CubeIDE.app/Contents/Eclipse/plugins/com.st.stm32cube.ide.mcu.externaltools.gnu-tools-for-stm32.7-2018-q2-update.macos64_1.5.0.202011040924/tools/bin/../lib/gcc/arm-none-eabi/7.3.1/../../../../arm-none-eabi/lib/thumb/v6-m/libc_nano.a(lib_a-memcmp.o)
                              Core/Src/lukes-code/config.o (memcmp)
/Applications/STM32CubeIDE.app/Contents/Eclipse/plugins/com.st.stm32cube.ide.mcu.externaltools.gnu-tools-for-stm32.7-2018-q2-update.macos64_1.5.0.202011040924/tools/bin/../lib/gcc/arm-none-eabi/7.3.1/../../../../arm-none-eabi/lib/thumb/v6-m/libc_nano.a(lib_a-memset.o)
                              /Applications/STM32CubeIDE.app/Contents/Eclipse/plugins/com.st.stm32cube.ide.mcu.externaltools.gnu-tools-for-stm32.7-2018-q2-update.macos64_1.5.0.202011040924/tools/bin/../lib/gcc/arm-none-eabi/7.3.1/../../../../arm-none-eabi/lib/thumb/v6-m/crt0.o (memset)
/Applications/STM32CubeIDE.app/Contents/Eclipse/plugins/com.st.stm32cube.ide.mcu.externaltools.gnu-tools-for-stm32.7-2018-q2-update.macos64_1.5.0.202011040924/tools/bin/../lib/gcc/arm-none-eabi/7.3.1/thumb/v6-m/libgcc.a(_udivsi3.o)
                              Core/Src/system_stm32f0xx.o (__aeabi_uidiv)
/Applications/STM32CubeIDE.app/Contents/Eclipse/plugins/com.st.stm32cube.ide.mcu.externaltools.gnu-tools-for-stm32.7-2018-q2-update.macos64_1.5.0.202011040924/tools/bin/../lib/gcc/arm-none-eabi/7.3.1/thumb/v6-m/libgcc.a(_dvmd_tls.o)
                              /Applications/STM32CubeIDE.app/Contents/Eclipse/plugins/com.st.stm32cube.ide.mcu.externaltools.gnu-tools-for-stm32.7-2018-q2-update.macos64_1.5.0.202011040924/tools/bin/../lib/gcc/arm-none-eabi/7.3.1/thumb/v6-m/libgcc.a(_udivsi3.o) (__aeabi_idiv0)

Allocating common symbols
Common symbol       size              file

uwTick              0x4               Drivers/STM32F0xx_HAL_Driver/Src/stm32f0xx_hal.o
pFlash              0x20              Drivers/STM32F0xx_HAL_Driver/Src/stm32f0xx_hal_flash.o
state               0x1               Core/Src/lukes-code/midi.o
huart1              0x84              Core/Src/main.o
ram_config          0xc               Core/Src/lukes-code/config.o
programming_state   0x1               Core/Src/lukes-code/midi.o
recived_velocity    0x1               Core/Src/lukes-code/midi.o
htim1               0x48              Core/Src/main.o
recived_key         0x1               Core/Src/lukes-code/midi.o

Discarded input sections

 .text          0x0000000000000000        0x0 /Applications/STM32CubeIDE.app/Contents/Eclipse/plugins/com.st.stm32cube.ide.mcu.externaltools.gnu-tools-for-stm32.7-2018-q2-update.macos64_1.5.0.202011040924/tools/bin/../lib/gcc/arm-none-eabi/7.3.1/thumb/v6-m/crti.o
[...]
Memory Configuration

Name             Origin             Length             Attributes
RAM              0x0000000020000000 0x0000000000001000 xrw
FLASH            0x0000000008000000 0x0000000000003c00 xr
DATA             0x0000000008003c00 0x0000000000000400 xrw
*default*        0x0000000000000000 0xffffffffffffffff

Linker script and memory map

LOAD /Applications/STM32CubeIDE.app/Contents/Eclipse/plugins/com.st.stm32cube.ide.mcu.externaltools.gnu-tools-for-stm32.7-2018-q2-update.macos64_1.5.0.202011040924/tools/bin/../lib/gcc/arm-none-eabi/7.3.1/thumb/v6-m/crti.o
LOAD /Applications/STM32CubeIDE.app/Contents/Eclipse/plugins/com.st.stm32cube.ide.mcu.externaltools.gnu-tools-for-stm32.7-2018-q2-update.macos64_1.5.0.202011040924/tools/bin/../lib/gcc/arm-none-eabi/7.3.1/thumb/v6-m/crtbegin.o
LOAD /Applications/STM32CubeIDE.app/Contents/Eclipse/plugins/com.st.stm32cube.ide.mcu.externaltools.gnu-tools-for-stm32.7-2018-q2-update.macos64_1.5.0.202011040924/tools/bin/../lib/gcc/arm-none-eabi/7.3.1/../../../../arm-none-eabi/lib/thumb/v6-m/crt0.o
LOAD Core/Src/lukes-code/config.o
LOAD Core/Src/lukes-code/midi.o
LOAD Core/Src/lukes-code/strummer.o
LOAD Core/Src/main.o
LOAD Core/Src/stm32f0xx_hal_msp.o
LOAD Core/Src/stm32f0xx_it.o
LOAD Core/Src/syscalls.o
LOAD Core/Src/sysmem.o
LOAD Core/Src/system_stm32f0xx.o
LOAD Core/Startup/startup_stm32f030f4px.o
LOAD Drivers/STM32F0xx_HAL_Driver/Src/stm32f0xx_hal.o
LOAD Drivers/STM32F0xx_HAL_Driver/Src/stm32f0xx_hal_cortex.o
LOAD Drivers/STM32F0xx_HAL_Driver/Src/stm32f0xx_hal_dma.o
LOAD Drivers/STM32F0xx_HAL_Driver/Src/stm32f0xx_hal_exti.o
LOAD Drivers/STM32F0xx_HAL_Driver/Src/stm32f0xx_hal_flash.o
LOAD Drivers/STM32F0xx_HAL_Driver/Src/stm32f0xx_hal_flash_ex.o
LOAD Drivers/STM32F0xx_HAL_Driver/Src/stm32f0xx_hal_gpio.o
LOAD Drivers/STM32F0xx_HAL_Driver/Src/stm32f0xx_hal_i2c.o
LOAD Drivers/STM32F0xx_HAL_Driver/Src/stm32f0xx_hal_i2c_ex.o
LOAD Drivers/STM32F0xx_HAL_Driver/Src/stm32f0xx_hal_pwr.o
LOAD Drivers/STM32F0xx_HAL_Driver/Src/stm32f0xx_hal_pwr_ex.o
LOAD Drivers/STM32F0xx_HAL_Driver/Src/stm32f0xx_hal_rcc.o
LOAD Drivers/STM32F0xx_HAL_Driver/Src/stm32f0xx_hal_rcc_ex.o
LOAD Drivers/STM32F0xx_HAL_Driver/Src/stm32f0xx_hal_tim.o
LOAD Drivers/STM32F0xx_HAL_Driver/Src/stm32f0xx_hal_tim_ex.o
LOAD Drivers/STM32F0xx_HAL_Driver/Src/stm32f0xx_hal_uart.o
LOAD Drivers/STM32F0xx_HAL_Driver/Src/stm32f0xx_hal_uart_ex.o
START GROUP
LOAD /Applications/STM32CubeIDE.app/Contents/Eclipse/plugins/com.st.stm32cube.ide.mcu.externaltools.gnu-tools-for-stm32.7-2018-q2-update.macos64_1.5.0.202011040924/tools/bin/../lib/gcc/arm-none-eabi/7.3.1/../../../../arm-none-eabi/lib/thumb/v6-m/libc_nano.a
LOAD /Applications/STM32CubeIDE.app/Contents/Eclipse/plugins/com.st.stm32cube.ide.mcu.externaltools.gnu-tools-for-stm32.7-2018-q2-update.macos64_1.5.0.202011040924/tools/bin/../lib/gcc/arm-none-eabi/7.3.1/../../../../arm-none-eabi/lib/thumb/v6-m/libm.a
END GROUP
START GROUP
LOAD /Applications/STM32CubeIDE.app/Contents/Eclipse/plugins/com.st.stm32cube.ide.mcu.externaltools.gnu-tools-for-stm32.7-2018-q2-update.macos64_1.5.0.202011040924/tools/bin/../lib/gcc/arm-none-eabi/7.3.1/thumb/v6-m/libgcc.a
LOAD /Applications/STM32CubeIDE.app/Contents/Eclipse/plugins/com.st.stm32cube.ide.mcu.externaltools.gnu-tools-for-stm32.7-2018-q2-update.macos64_1.5.0.202011040924/tools/bin/../lib/gcc/arm-none-eabi/7.3.1/../../../../arm-none-eabi/lib/thumb/v6-m/libc_nano.a
END GROUP
START GROUP
LOAD /Applications/STM32CubeIDE.app/Contents/Eclipse/plugins/com.st.stm32cube.ide.mcu.externaltools.gnu-tools-for-stm32.7-2018-q2-update.macos64_1.5.0.202011040924/tools/bin/../lib/gcc/arm-none-eabi/7.3.1/thumb/v6-m/libgcc.a
LOAD /Applications/STM32CubeIDE.app/Contents/Eclipse/plugins/com.st.stm32cube.ide.mcu.externaltools.gnu-tools-for-stm32.7-2018-q2-update.macos64_1.5.0.202011040924/tools/bin/../lib/gcc/arm-none-eabi/7.3.1/../../../../arm-none-eabi/lib/thumb/v6-m/libc_nano.a
LOAD /Applications/STM32CubeIDE.app/Contents/Eclipse/plugins/com.st.stm32cube.ide.mcu.externaltools.gnu-tools-for-stm32.7-2018-q2-update.macos64_1.5.0.202011040924/tools/bin/../lib/gcc/arm-none-eabi/7.3.1/../../../../arm-none-eabi/lib/thumb/v6-m/libnosys.a
END GROUP
START GROUP
LOAD /Applications/STM32CubeIDE.app/Contents/Eclipse/plugins/com.st.stm32cube.ide.mcu.externaltools.gnu-tools-for-stm32.7-2018-q2-update.macos64_1.5.0.202011040924/tools/bin/../lib/gcc/arm-none-eabi/7.3.1/thumb/v6-m/libgcc.a
LOAD /Applications/STM32CubeIDE.app/Contents/Eclipse/plugins/com.st.stm32cube.ide.mcu.externaltools.gnu-tools-for-stm32.7-2018-q2-update.macos64_1.5.0.202011040924/tools/bin/../lib/gcc/arm-none-eabi/7.3.1/../../../../arm-none-eabi/lib/thumb/v6-m/libc_nano.a
LOAD /Applications/STM32CubeIDE.app/Contents/Eclipse/plugins/com.st.stm32cube.ide.mcu.externaltools.gnu-tools-for-stm32.7-2018-q2-update.macos64_1.5.0.202011040924/tools/bin/../lib/gcc/arm-none-eabi/7.3.1/../../../../arm-none-eabi/lib/thumb/v6-m/libnosys.a
END GROUP
LOAD /Applications/STM32CubeIDE.app/Contents/Eclipse/plugins/com.st.stm32cube.ide.mcu.externaltools.gnu-tools-for-stm32.7-2018-q2-update.macos64_1.5.0.202011040924/tools/bin/../lib/gcc/arm-none-eabi/7.3.1/thumb/v6-m/crtend.o
LOAD /Applications/STM32CubeIDE.app/Contents/Eclipse/plugins/com.st.stm32cube.ide.mcu.externaltools.gnu-tools-for-stm32.7-2018-q2-update.macos64_1.5.0.202011040924/tools/bin/../lib/gcc/arm-none-eabi/7.3.1/thumb/v6-m/crtn.o
                0x0000000020001000                _estack = (ORIGIN (RAM) + LENGTH (RAM))
                0x0000000000000200                _Min_Heap_Size = 0x200
                0x0000000000000400                _Min_Stack_Size = 0x400

.isr_vector     0x0000000008000000       0xc0
                0x0000000008000000                . = ALIGN (0x4)
 *(.isr_vector)
 .isr_vector    0x0000000008000000       0xc0 Core/Startup/startup_stm32f030f4px.o
                0x0000000008000000                g_pfnVectors
                0x00000000080000c0                . = ALIGN (0x4)

.user_data      0x0000000008003c00        0xc
                0x0000000008003c00                . = ALIGN (0x4)
 *(.user_data)
 .user_data     0x0000000008003c00        0xc Core/Src/lukes-code/config.o
                0x0000000008003c00                flash_config
                0x0000000008003c0c                . = ALIGN (0x4)

.text           0x00000000080000c0     0x2ff4
                0x00000000080000c0                . = ALIGN (0x4)
 *(.text)
 .text          0x00000000080000c0       0x48 /Applications/STM32CubeIDE.app/Contents/Eclipse/plugins/com.st.stm32cube.ide.mcu.externaltools.gnu-tools-for-stm32.7-2018-q2-update.macos64_1.5.0.202011040924/tools/bin/../lib/gcc/arm-none-eabi/7.3.1/thumb/v6-m/crtbegin.o
 .text          0x0000000008000108      0x114 /Applications/STM32CubeIDE.app/Contents/Eclipse/plugins/com.st.stm32cube.ide.mcu.externaltools.gnu-tools-for-stm32.7-2018-q2-update.macos64_1.5.0.202011040924/tools/bin/../lib/gcc/arm-none-eabi/7.3.1/thumb/v6-m/libgcc.a(_udivsi3.o)
                0x0000000008000108                __udivsi3
                0x0000000008000108                __aeabi_uidiv
                0x0000000008000214                __aeabi_uidivmod
 .text          0x000000000800021c        0x4 /Applications/STM32CubeIDE.app/Contents/Eclipse/plugins/com.st.stm32cube.ide.mcu.externaltools.gnu-tools-for-stm32.7-2018-q2-update.macos64_1.5.0.202011040924/tools/bin/../lib/gcc/arm-none-eabi/7.3.1/thumb/v6-m/libgcc.a(_dvmd_tls.o)
                0x000000000800021c                __aeabi_ldiv0
                0x000000000800021c                __aeabi_idiv0
 *(.text*)
 .text.init_config
                0x0000000008000220       0x58 Core/Src/lukes-code/config.o
                0x0000000008000220                init_config
 .text.Write_Flash
                0x0000000008000278       0xac Core/Src/lukes-code/config.o
                0x0000000008000278                Write_Flash
 .text.process_midi_message
                0x0000000008000324       0xd8 Core/Src/lukes-code/midi.o
                0x0000000008000324                process_midi_message
 .text.process_programming_state
                0x00000000080003fc       0x9c Core/Src/lukes-code/midi.o
                0x00000000080003fc                process_programming_state
 .text.set_pulse
                0x0000000008000498       0x1c Core/Src/lukes-code/strummer.o
                0x0000000008000498                set_pulse
 .text.strum    0x00000000080004b4       0x3c Core/Src/lukes-code/strummer.o
                0x00000000080004b4                strum
 .text.main     0x00000000080004f0       0x78 Core/Src/main.o
                0x00000000080004f0                main
 .text.SystemClock_Config
                0x0000000008000568       0xc2 Core/Src/main.o
                0x0000000008000568                SystemClock_Config
 *fill*         0x000000000800062a        0x2 
 .text.MX_TIM1_Init
                0x000000000800062c      0x12c Core/Src/main.o
 .text.MX_USART1_UART_Init
                0x0000000008000758       0x6c Core/Src/main.o
 .text.MX_GPIO_Init
                0x00000000080007c4       0x70 Core/Src/main.o
 .text.blink    0x0000000008000834       0x30 Core/Src/main.o
                0x0000000008000834                blink
 .text.toggleLED
                0x0000000008000864       0x16 Core/Src/main.o
                0x0000000008000864                toggleLED
 .text.Error_Handler
                0x000000000800087a        0xa Core/Src/main.o
                0x000000000800087a                Error_Handler
 .text.HAL_MspInit
                0x0000000008000884       0x48 Core/Src/stm32f0xx_hal_msp.o
                0x0000000008000884                HAL_MspInit
 .text.HAL_TIM_PWM_MspInit
                0x00000000080008cc       0x40 Core/Src/stm32f0xx_hal_msp.o
                0x00000000080008cc                HAL_TIM_PWM_MspInit
 .text.HAL_TIM_MspPostInit
                0x000000000800090c       0x80 Core/Src/stm32f0xx_hal_msp.o
                0x000000000800090c                HAL_TIM_MspPostInit
 .text.HAL_UART_MspInit
                0x000000000800098c       0x98 Core/Src/stm32f0xx_hal_msp.o
                0x000000000800098c                HAL_UART_MspInit
 .text.NMI_Handler
                0x0000000008000a24        0xa Core/Src/stm32f0xx_it.o
                0x0000000008000a24                NMI_Handler
 .text.HardFault_Handler
                0x0000000008000a2e        0x6 Core/Src/stm32f0xx_it.o
                0x0000000008000a2e                HardFault_Handler
 .text.SVC_Handler
                0x0000000008000a34        0xa Core/Src/stm32f0xx_it.o
                0x0000000008000a34                SVC_Handler
 .text.PendSV_Handler
                0x0000000008000a3e        0xa Core/Src/stm32f0xx_it.o
                0x0000000008000a3e                PendSV_Handler
 .text.SysTick_Handler
                0x0000000008000a48        0xe Core/Src/stm32f0xx_it.o
                0x0000000008000a48                SysTick_Handler
 .text.SystemInit
                0x0000000008000a56        0xa Core/Src/system_stm32f0xx.o
                0x0000000008000a56                SystemInit
 .text.Reset_Handler
                0x0000000008000a60       0x50 Core/Startup/startup_stm32f030f4px.o
                0x0000000008000a60                Reset_Handler
 .text.Default_Handler
                0x0000000008000ab0        0x2 Core/Startup/startup_stm32f030f4px.o
                0x0000000008000ab0                TIM1_BRK_UP_TRG_COM_IRQHandler
                0x0000000008000ab0                I2C1_IRQHandler
                0x0000000008000ab0                SPI1_IRQHandler
                0x0000000008000ab0                EXTI2_3_IRQHandler
                0x0000000008000ab0                ADC1_IRQHandler
                0x0000000008000ab0                TIM17_IRQHandler
                0x0000000008000ab0                RTC_IRQHandler
                0x0000000008000ab0                TIM16_IRQHandler
                0x0000000008000ab0                TIM3_IRQHandler
                0x0000000008000ab0                EXTI4_15_IRQHandler
                0x0000000008000ab0                RCC_IRQHandler
                0x0000000008000ab0                DMA1_Channel1_IRQHandler
                0x0000000008000ab0                Default_Handler
                0x0000000008000ab0                TIM14_IRQHandler
                0x0000000008000ab0                DMA1_Channel4_5_IRQHandler
                0x0000000008000ab0                EXTI0_1_IRQHandler
                0x0000000008000ab0                WWDG_IRQHandler
                0x0000000008000ab0                DMA1_Channel2_3_IRQHandler
                0x0000000008000ab0                FLASH_IRQHandler
                0x0000000008000ab0                USART1_IRQHandler
                0x0000000008000ab0                TIM1_CC_IRQHandler
 *fill*         0x0000000008000ab2        0x2 
 .text.HAL_Init
                0x0000000008000ab4       0x28 Drivers/STM32F0xx_HAL_Driver/Src/stm32f0xx_hal.o
                0x0000000008000ab4                HAL_Init
 .text.HAL_InitTick
                0x0000000008000adc       0x68 Drivers/STM32F0xx_HAL_Driver/Src/stm32f0xx_hal.o
                0x0000000008000adc                HAL_InitTick
 .text.HAL_IncTick
                0x0000000008000b44       0x24 Drivers/STM32F0xx_HAL_Driver/Src/stm32f0xx_hal.o
                0x0000000008000b44                HAL_IncTick
 .text.HAL_GetTick
                0x0000000008000b68       0x14 Drivers/STM32F0xx_HAL_Driver/Src/stm32f0xx_hal.o
                0x0000000008000b68                HAL_GetTick
 .text.HAL_Delay
                0x0000000008000b7c       0x44 Drivers/STM32F0xx_HAL_Driver/Src/stm32f0xx_hal.o
                0x0000000008000b7c                HAL_Delay
 .text.__NVIC_SetPriority
                0x0000000008000bc0       0xdc Drivers/STM32F0xx_HAL_Driver/Src/stm32f0xx_hal_cortex.o
 .text.SysTick_Config
                0x0000000008000c9c       0x48 Drivers/STM32F0xx_HAL_Driver/Src/stm32f0xx_hal_cortex.o
 .text.HAL_NVIC_SetPriority
                0x0000000008000ce4       0x2a Drivers/STM32F0xx_HAL_Driver/Src/stm32f0xx_hal_cortex.o
                0x0000000008000ce4                HAL_NVIC_SetPriority
 .text.HAL_SYSTICK_Config
                0x0000000008000d0e       0x1a Drivers/STM32F0xx_HAL_Driver/Src/stm32f0xx_hal_cortex.o
                0x0000000008000d0e                HAL_SYSTICK_Config
 .text.HAL_FLASH_Program
                0x0000000008000d28      0x12c Drivers/STM32F0xx_HAL_Driver/Src/stm32f0xx_hal_flash.o
                0x0000000008000d28                HAL_FLASH_Program
 .text.HAL_FLASH_Unlock
                0x0000000008000e54       0x4c Drivers/STM32F0xx_HAL_Driver/Src/stm32f0xx_hal_flash.o
                0x0000000008000e54                HAL_FLASH_Unlock
 .text.HAL_FLASH_Lock
                0x0000000008000ea0       0x1c Drivers/STM32F0xx_HAL_Driver/Src/stm32f0xx_hal_flash.o
                0x0000000008000ea0                HAL_FLASH_Lock
 .text.FLASH_Program_HalfWord
                0x0000000008000ebc       0x38 Drivers/STM32F0xx_HAL_Driver/Src/stm32f0xx_hal_flash.o
 .text.FLASH_WaitForLastOperation
                0x0000000008000ef4       0x80 Drivers/STM32F0xx_HAL_Driver/Src/stm32f0xx_hal_flash.o
                0x0000000008000ef4                FLASH_WaitForLastOperation
 .text.FLASH_SetErrorCode
                0x0000000008000f74       0x60 Drivers/STM32F0xx_HAL_Driver/Src/stm32f0xx_hal_flash.o
 .text.HAL_FLASHEx_Erase
                0x0000000008000fd4       0xec Drivers/STM32F0xx_HAL_Driver/Src/stm32f0xx_hal_flash_ex.o
                0x0000000008000fd4                HAL_FLASHEx_Erase
 .text.FLASH_MassErase
                0x00000000080010c0       0x30 Drivers/STM32F0xx_HAL_Driver/Src/stm32f0xx_hal_flash_ex.o
 .text.FLASH_PageErase
                0x00000000080010f0       0x3c Drivers/STM32F0xx_HAL_Driver/Src/stm32f0xx_hal_flash_ex.o
                0x00000000080010f0                FLASH_PageErase
 .text.HAL_GPIO_Init
                0x000000000800112c      0x2e0 Drivers/STM32F0xx_HAL_Driver/Src/stm32f0xx_hal_gpio.o
                0x000000000800112c                HAL_GPIO_Init
 .text.HAL_GPIO_WritePin
                0x000000000800140c       0x3a Drivers/STM32F0xx_HAL_Driver/Src/stm32f0xx_hal_gpio.o
                0x000000000800140c                HAL_GPIO_WritePin
 .text.HAL_GPIO_TogglePin
                0x0000000008001446       0x36 Drivers/STM32F0xx_HAL_Driver/Src/stm32f0xx_hal_gpio.o
                0x0000000008001446                HAL_GPIO_TogglePin
 .text.HAL_RCC_OscConfig
                0x000000000800147c      0x638 Drivers/STM32F0xx_HAL_Driver/Src/stm32f0xx_hal_rcc.o
                0x000000000800147c                HAL_RCC_OscConfig
 .text.HAL_RCC_ClockConfig
                0x0000000008001ab4      0x19c Drivers/STM32F0xx_HAL_Driver/Src/stm32f0xx_hal_rcc.o
                0x0000000008001ab4                HAL_RCC_ClockConfig
 .text.HAL_RCC_GetSysClockFreq
                0x0000000008001c50       0xc8 Drivers/STM32F0xx_HAL_Driver/Src/stm32f0xx_hal_rcc.o
                0x0000000008001c50                HAL_RCC_GetSysClockFreq
 .text.HAL_RCC_GetHCLKFreq
                0x0000000008001d18       0x14 Drivers/STM32F0xx_HAL_Driver/Src/stm32f0xx_hal_rcc.o
                0x0000000008001d18                HAL_RCC_GetHCLKFreq
 .text.HAL_RCC_GetPCLK1Freq
                0x0000000008001d2c       0x2c Drivers/STM32F0xx_HAL_Driver/Src/stm32f0xx_hal_rcc.o
                0x0000000008001d2c                HAL_RCC_GetPCLK1Freq
 .text.HAL_RCCEx_PeriphCLKConfig
                0x0000000008001d58      0x19c Drivers/STM32F0xx_HAL_Driver/Src/stm32f0xx_hal_rcc_ex.o
                0x0000000008001d58                HAL_RCCEx_PeriphCLKConfig
 .text.HAL_TIM_PWM_Init
                0x0000000008001ef4       0xa0 Drivers/STM32F0xx_HAL_Driver/Src/stm32f0xx_hal_tim.o
                0x0000000008001ef4                HAL_TIM_PWM_Init
 .text.HAL_TIM_PWM_Start
                0x0000000008001f94      0x14c Drivers/STM32F0xx_HAL_Driver/Src/stm32f0xx_hal_tim.o
                0x0000000008001f94                HAL_TIM_PWM_Start
 .text.HAL_TIM_PWM_ConfigChannel
                0x00000000080020e0      0x160 Drivers/STM32F0xx_HAL_Driver/Src/stm32f0xx_hal_tim.o
                0x00000000080020e0                HAL_TIM_PWM_ConfigChannel
 .text.TIM_Base_SetConfig
                0x0000000008002240       0xd8 Drivers/STM32F0xx_HAL_Driver/Src/stm32f0xx_hal_tim.o
                0x0000000008002240                TIM_Base_SetConfig
 .text.TIM_OC1_SetConfig
                0x0000000008002318       0xfc Drivers/STM32F0xx_HAL_Driver/Src/stm32f0xx_hal_tim.o
 .text.TIM_OC2_SetConfig
                0x0000000008002414       0xfc Drivers/STM32F0xx_HAL_Driver/Src/stm32f0xx_hal_tim.o
                0x0000000008002414                TIM_OC2_SetConfig
 .text.TIM_OC3_SetConfig
                0x0000000008002510      0x100 Drivers/STM32F0xx_HAL_Driver/Src/stm32f0xx_hal_tim.o
 .text.TIM_OC4_SetConfig
                0x0000000008002610       0xc8 Drivers/STM32F0xx_HAL_Driver/Src/stm32f0xx_hal_tim.o
 .text.TIM_CCxChannelCmd
                0x00000000080026d8       0x46 Drivers/STM32F0xx_HAL_Driver/Src/stm32f0xx_hal_tim.o
                0x00000000080026d8                TIM_CCxChannelCmd
 *fill*         0x000000000800271e        0x2 
 .text.HAL_TIMEx_MasterConfigSynchronization
                0x0000000008002720       0xa4 Drivers/STM32F0xx_HAL_Driver/Src/stm32f0xx_hal_tim_ex.o
                0x0000000008002720                HAL_TIMEx_MasterConfigSynchronization
 .text.HAL_TIMEx_ConfigBreakDeadTime
                0x00000000080027c4       0xbc Drivers/STM32F0xx_HAL_Driver/Src/stm32f0xx_hal_tim_ex.o
                0x00000000080027c4                HAL_TIMEx_ConfigBreakDeadTime
 .text.HAL_UART_Init
                0x0000000008002880       0xa8 Drivers/STM32F0xx_HAL_Driver/Src/stm32f0xx_hal_uart.o
                0x0000000008002880                HAL_UART_Init
 .text.HAL_UART_Receive
                0x0000000008002928      0x1b8 Drivers/STM32F0xx_HAL_Driver/Src/stm32f0xx_hal_uart.o
                0x0000000008002928                HAL_UART_Receive
 .text.UART_SetConfig
                0x0000000008002ae0      0x24c Drivers/STM32F0xx_HAL_Driver/Src/stm32f0xx_hal_uart.o
                0x0000000008002ae0                UART_SetConfig
 .text.UART_AdvFeatureConfig
                0x0000000008002d2c      0x168 Drivers/STM32F0xx_HAL_Driver/Src/stm32f0xx_hal_uart.o
                0x0000000008002d2c                UART_AdvFeatureConfig
 .text.UART_CheckIdleState
                0x0000000008002e94       0x94 Drivers/STM32F0xx_HAL_Driver/Src/stm32f0xx_hal_uart.o
                0x0000000008002e94                UART_CheckIdleState
 .text.UART_WaitOnFlagUntilTimeout
                0x0000000008002f28       0xfc Drivers/STM32F0xx_HAL_Driver/Src/stm32f0xx_hal_uart.o
                0x0000000008002f28                UART_WaitOnFlagUntilTimeout
 .text.__libc_init_array
                0x0000000008003024       0x48 /Applications/STM32CubeIDE.app/Contents/Eclipse/plugins/com.st.stm32cube.ide.mcu.externaltools.gnu-tools-for-stm32.7-2018-q2-update.macos64_1.5.0.202011040924/tools/bin/../lib/gcc/arm-none-eabi/7.3.1/../../../../arm-none-eabi/lib/thumb/v6-m/libc_nano.a(lib_a-init.o)
                0x0000000008003024                __libc_init_array
 .text.memcmp   0x000000000800306c       0x1e /Applications/STM32CubeIDE.app/Contents/Eclipse/plugins/com.st.stm32cube.ide.mcu.externaltools.gnu-tools-for-stm32.7-2018-q2-update.macos64_1.5.0.202011040924/tools/bin/../lib/gcc/arm-none-eabi/7.3.1/../../../../arm-none-eabi/lib/thumb/v6-m/libc_nano.a(lib_a-memcmp.o)
                0x000000000800306c                memcmp
 .text.memset   0x000000000800308a       0x10 /Applications/STM32CubeIDE.app/Contents/Eclipse/plugins/com.st.stm32cube.ide.mcu.externaltools.gnu-tools-for-stm32.7-2018-q2-update.macos64_1.5.0.202011040924/tools/bin/../lib/gcc/arm-none-eabi/7.3.1/../../../../arm-none-eabi/lib/thumb/v6-m/libc_nano.a(lib_a-memset.o)
                0x000000000800308a                memset
 *(.glue_7)
 .glue_7        0x000000000800309a        0x0 linker stubs
 *(.glue_7t)
 .glue_7t       0x000000000800309a        0x0 linker stubs
 *(.eh_frame)
 *fill*         0x000000000800309a        0x2 
 .eh_frame      0x000000000800309c        0x0 /Applications/STM32CubeIDE.app/Contents/Eclipse/plugins/com.st.stm32cube.ide.mcu.externaltools.gnu-tools-for-stm32.7-2018-q2-update.macos64_1.5.0.202011040924/tools/bin/../lib/gcc/arm-none-eabi/7.3.1/thumb/v6-m/crtbegin.o
 *(.init)
 .init          0x000000000800309c        0x4 /Applications/STM32CubeIDE.app/Contents/Eclipse/plugins/com.st.stm32cube.ide.mcu.externaltools.gnu-tools-for-stm32.7-2018-q2-update.macos64_1.5.0.202011040924/tools/bin/../lib/gcc/arm-none-eabi/7.3.1/thumb/v6-m/crti.o
                0x000000000800309c                _init
 .init          0x00000000080030a0        0x8 /Applications/STM32CubeIDE.app/Contents/Eclipse/plugins/com.st.stm32cube.ide.mcu.externaltools.gnu-tools-for-stm32.7-2018-q2-update.macos64_1.5.0.202011040924/tools/bin/../lib/gcc/arm-none-eabi/7.3.1/thumb/v6-m/crtn.o
 *(.fini)
 .fini          0x00000000080030a8        0x4 /Applications/STM32CubeIDE.app/Contents/Eclipse/plugins/com.st.stm32cube.ide.mcu.externaltools.gnu-tools-for-stm32.7-2018-q2-update.macos64_1.5.0.202011040924/tools/bin/../lib/gcc/arm-none-eabi/7.3.1/thumb/v6-m/crti.o
                0x00000000080030a8                _fini
 .fini          0x00000000080030ac        0x8 /Applications/STM32CubeIDE.app/Contents/Eclipse/plugins/com.st.stm32cube.ide.mcu.externaltools.gnu-tools-for-stm32.7-2018-q2-update.macos64_1.5.0.202011040924/tools/bin/../lib/gcc/arm-none-eabi/7.3.1/thumb/v6-m/crtn.o
                0x00000000080030b4                . = ALIGN (0x4)
                0x00000000080030b4                _etext = .

.vfp11_veneer   0x00000000080030b4        0x0
 .vfp11_veneer  0x00000000080030b4        0x0 linker stubs

.v4_bx          0x00000000080030b4        0x0
 .v4_bx         0x00000000080030b4        0x0 linker stubs

.iplt           0x00000000080030b4        0x0
 .iplt          0x00000000080030b4        0x0 /Applications/STM32CubeIDE.app/Contents/Eclipse/plugins/com.st.stm32cube.ide.mcu.externaltools.gnu-tools-for-stm32.7-2018-q2-update.macos64_1.5.0.202011040924/tools/bin/../lib/gcc/arm-none-eabi/7.3.1/thumb/v6-m/crtbegin.o

.rodata         0x00000000080030b4       0x38
                0x00000000080030b4                . = ALIGN (0x4)
 *(.rodata)
 .rodata        0x00000000080030b4       0x20 Drivers/STM32F0xx_HAL_Driver/Src/stm32f0xx_hal_rcc.o
 *(.rodata*)
 .rodata.AHBPrescTable
                0x00000000080030d4       0x10 Core/Src/system_stm32f0xx.o
                0x00000000080030d4                AHBPrescTable
 .rodata.APBPrescTable
                0x00000000080030e4        0x8 Core/Src/system_stm32f0xx.o
                0x00000000080030e4                APBPrescTable
                0x00000000080030ec                . = ALIGN (0x4)

.rel.dyn        0x00000000080030ec        0x0
 .rel.iplt      0x00000000080030ec        0x0 /Applications/STM32CubeIDE.app/Contents/Eclipse/plugins/com.st.stm32cube.ide.mcu.externaltools.gnu-tools-for-stm32.7-2018-q2-update.macos64_1.5.0.202011040924/tools/bin/../lib/gcc/arm-none-eabi/7.3.1/thumb/v6-m/crtbegin.o

.ARM.extab      0x00000000080030ec        0x0
                0x00000000080030ec                . = ALIGN (0x4)
 *(.ARM.extab* .gnu.linkonce.armextab.*)
                0x00000000080030ec                . = ALIGN (0x4)

.ARM            0x00000000080030ec        0x0
                0x00000000080030ec                . = ALIGN (0x4)
                0x00000000080030ec                __exidx_start = .
 *(.ARM.exidx*)
                0x00000000080030ec                __exidx_end = .
                0x00000000080030ec                . = ALIGN (0x4)

.preinit_array  0x00000000080030ec        0x0
                0x00000000080030ec                . = ALIGN (0x4)
                0x00000000080030ec                PROVIDE (__preinit_array_start = .)
 *(.preinit_array*)
                0x00000000080030ec                PROVIDE (__preinit_array_end = .)
                0x00000000080030ec                . = ALIGN (0x4)

.init_array     0x00000000080030ec        0x4
                0x00000000080030ec                . = ALIGN (0x4)
                0x00000000080030ec                PROVIDE (__init_array_start = .)
 *(SORT_BY_NAME(.init_array.*))
 *(.init_array*)
 .init_array    0x00000000080030ec        0x4 /Applications/STM32CubeIDE.app/Contents/Eclipse/plugins/com.st.stm32cube.ide.mcu.externaltools.gnu-tools-for-stm32.7-2018-q2-update.macos64_1.5.0.202011040924/tools/bin/../lib/gcc/arm-none-eabi/7.3.1/thumb/v6-m/crtbegin.o
                0x00000000080030f0                PROVIDE (__init_array_end = .)
                0x00000000080030f0                . = ALIGN (0x4)

.fini_array     0x00000000080030f0        0x4
                0x00000000080030f0                . = ALIGN (0x4)
                [!provide]                        PROVIDE (__fini_array_start = .)
 *(SORT_BY_NAME(.fini_array.*))
 *(.fini_array*)
 .fini_array    0x00000000080030f0        0x4 /Applications/STM32CubeIDE.app/Contents/Eclipse/plugins/com.st.stm32cube.ide.mcu.externaltools.gnu-tools-for-stm32.7-2018-q2-update.macos64_1.5.0.202011040924/tools/bin/../lib/gcc/arm-none-eabi/7.3.1/thumb/v6-m/crtbegin.o
                [!provide]                        PROVIDE (__fini_array_end = .)
                0x00000000080030f4                . = ALIGN (0x4)
                0x00000000080030f4                _sidata = LOADADDR (.data)

.data           0x0000000020000000       0x10 load address 0x00000000080030f4
                0x0000000020000000                . = ALIGN (0x4)
                0x0000000020000000                _sdata = .
 *(.data)
 *(.data*)
 .data.message  0x0000000020000000        0x1 Core/Src/main.o
                0x0000000020000000                message
 *fill*         0x0000000020000001        0x3 
 .data.SystemCoreClock
                0x0000000020000004        0x4 Core/Src/system_stm32f0xx.o
                0x0000000020000004                SystemCoreClock
 .data.uwTickPrio
                0x0000000020000008        0x4 Drivers/STM32F0xx_HAL_Driver/Src/stm32f0xx_hal.o
                0x0000000020000008                uwTickPrio
 .data.uwTickFreq
                0x000000002000000c        0x1 Drivers/STM32F0xx_HAL_Driver/Src/stm32f0xx_hal.o
                0x000000002000000c                uwTickFreq
                0x0000000020000010                . = ALIGN (0x4)
 *fill*         0x000000002000000d        0x3 
                0x0000000020000010                _edata = .

.igot.plt       0x0000000020000010        0x0 load address 0x0000000008003104
 .igot.plt      0x0000000020000010        0x0 /Applications/STM32CubeIDE.app/Contents/Eclipse/plugins/com.st.stm32cube.ide.mcu.externaltools.gnu-tools-for-stm32.7-2018-q2-update.macos64_1.5.0.202011040924/tools/bin/../lib/gcc/arm-none-eabi/7.3.1/thumb/v6-m/crtbegin.o
                0x0000000020000010                . = ALIGN (0x4)

.bss            0x0000000020000010      0x128 load address 0x0000000008003104
                0x0000000020000010                _sbss = .
                0x0000000020000010                __bss_start__ = _sbss
 *(.bss)
 .bss           0x0000000020000010       0x1c /Applications/STM32CubeIDE.app/Contents/Eclipse/plugins/com.st.stm32cube.ide.mcu.externaltools.gnu-tools-for-stm32.7-2018-q2-update.macos64_1.5.0.202011040924/tools/bin/../lib/gcc/arm-none-eabi/7.3.1/thumb/v6-m/crtbegin.o
 *(.bss*)
 .bss.CURRENT_STATUS
                0x000000002000002c        0x4 Core/Src/lukes-code/midi.o
                0x000000002000002c                CURRENT_STATUS
 .bss.is_flipped
                0x0000000020000030        0x4 Core/Src/lukes-code/strummer.o
                0x0000000020000030                is_flipped
 *(COMMON)
 COMMON         0x0000000020000034        0xc Core/Src/lukes-code/config.o
                0x0000000020000034                ram_config
 COMMON         0x0000000020000040        0x4 Core/Src/lukes-code/midi.o
                0x0000000020000040                state
                0x0000000020000041                programming_state
                0x0000000020000042                recived_velocity
                0x0000000020000043                recived_key
 COMMON         0x0000000020000044       0xcc Core/Src/main.o
                0x0000000020000044                huart1
                0x00000000200000c8                htim1
 COMMON         0x0000000020000110        0x4 Drivers/STM32F0xx_HAL_Driver/Src/stm32f0xx_hal.o
                0x0000000020000110                uwTick
 *fill*         0x0000000020000114        0x4 
 COMMON         0x0000000020000118       0x20 Drivers/STM32F0xx_HAL_Driver/Src/stm32f0xx_hal_flash.o
                0x0000000020000118                pFlash
                0x0000000020000138                . = ALIGN (0x4)
                0x0000000020000138                _ebss = .
                0x0000000020000138                __bss_end__ = _ebss

._user_heap_stack
                0x0000000020000138      0x600 load address 0x0000000008003104
                0x0000000020000138                . = ALIGN (0x8)
                0x0000000020000138                PROVIDE (end = .)
                [!provide]                        PROVIDE (_end = .)
                0x0000000020000338                . = (. + _Min_Heap_Size)
 *fill*         0x0000000020000138      0x200 
                0x0000000020000738                . = (. + _Min_Stack_Size)
 *fill*         0x0000000020000338      0x400 
                0x0000000020000738                . = ALIGN (0x8)

/DISCARD/
 libc.a(*)
 libm.a(*)
 libgcc.a(*)

.ARM.attributes
                0x0000000000000000       0x28
 *(.ARM.attributes)
 .ARM.attributes
                0x0000000000000000       0x1e /Applications/STM32CubeIDE.app/Contents/Eclipse/plugins/com.st.stm32cube.ide.mcu.externaltools.gnu-tools-for-stm32.7-2018-q2-update.macos64_1.5.0.202011040924/tools/bin/../lib/gcc/arm-none-eabi/7.3.1/thumb/v6-m/crti.o
 .ARM.attributes
                0x000000000000001e       0x2c /Applications/STM32CubeIDE.app/Contents/Eclipse/plugins/com.st.stm32cube.ide.mcu.externaltools.gnu-tools-for-stm32.7-2018-q2-update.macos64_1.5.0.202011040924/tools/bin/../lib/gcc/arm-none-eabi/7.3.1/thumb/v6-m/crtbegin.o
 .ARM.attributes
                0x000000000000004a       0x31 Core/Src/lukes-code/config.o
 .ARM.attributes
                0x000000000000007b       0x31 Core/Src/lukes-code/midi.o
 .ARM.attributes
                0x00000000000000ac       0x31 Core/Src/lukes-code/strummer.o
 .ARM.attributes
                0x00000000000000dd       0x31 Core/Src/main.o
 .ARM.attributes
                0x000000000000010e       0x31 Core/Src/stm32f0xx_hal_msp.o
 .ARM.attributes
                0x000000000000013f       0x31 Core/Src/stm32f0xx_it.o
 .ARM.attributes
                0x0000000000000170       0x31 Core/Src/system_stm32f0xx.o
 .ARM.attributes
                0x00000000000001a1       0x21 Core/Startup/startup_stm32f030f4px.o
 .ARM.attributes
                0x00000000000001c2       0x31 Drivers/STM32F0xx_HAL_Driver/Src/stm32f0xx_hal.o
 .ARM.attributes
                0x00000000000001f3       0x31 Drivers/STM32F0xx_HAL_Driver/Src/stm32f0xx_hal_cortex.o
 .ARM.attributes
                0x0000000000000224       0x31 Drivers/STM32F0xx_HAL_Driver/Src/stm32f0xx_hal_flash.o
 .ARM.attributes
                0x0000000000000255       0x31 Drivers/STM32F0xx_HAL_Driver/Src/stm32f0xx_hal_flash_ex.o
 .ARM.attributes
                0x0000000000000286       0x31 Drivers/STM32F0xx_HAL_Driver/Src/stm32f0xx_hal_gpio.o
 .ARM.attributes
                0x00000000000002b7       0x31 Drivers/STM32F0xx_HAL_Driver/Src/stm32f0xx_hal_rcc.o
 .ARM.attributes
                0x00000000000002e8       0x31 Drivers/STM32F0xx_HAL_Driver/Src/stm32f0xx_hal_rcc_ex.o
 .ARM.attributes
                0x0000000000000319       0x31 Drivers/STM32F0xx_HAL_Driver/Src/stm32f0xx_hal_tim.o
 .ARM.attributes
                0x000000000000034a       0x31 Drivers/STM32F0xx_HAL_Driver/Src/stm32f0xx_hal_tim_ex.o
 .ARM.attributes
                0x000000000000037b       0x31 Drivers/STM32F0xx_HAL_Driver/Src/stm32f0xx_hal_uart.o
 .ARM.attributes
                0x00000000000003ac       0x2c /Applications/STM32CubeIDE.app/Contents/Eclipse/plugins/com.st.stm32cube.ide.mcu.externaltools.gnu-tools-for-stm32.7-2018-q2-update.macos64_1.5.0.202011040924/tools/bin/../lib/gcc/arm-none-eabi/7.3.1/../../../../arm-none-eabi/lib/thumb/v6-m/libc_nano.a(lib_a-init.o)
 .ARM.attributes
                0x00000000000003d8       0x2c /Applications/STM32CubeIDE.app/Contents/Eclipse/plugins/com.st.stm32cube.ide.mcu.externaltools.gnu-tools-for-stm32.7-2018-q2-update.macos64_1.5.0.202011040924/tools/bin/../lib/gcc/arm-none-eabi/7.3.1/../../../../arm-none-eabi/lib/thumb/v6-m/libc_nano.a(lib_a-memcmp.o)
 .ARM.attributes
                0x0000000000000404       0x2c /Applications/STM32CubeIDE.app/Contents/Eclipse/plugins/com.st.stm32cube.ide.mcu.externaltools.gnu-tools-for-stm32.7-2018-q2-update.macos64_1.5.0.202011040924/tools/bin/../lib/gcc/arm-none-eabi/7.3.1/../../../../arm-none-eabi/lib/thumb/v6-m/libc_nano.a(lib_a-memset.o)
 .ARM.attributes
                0x0000000000000430       0x1e /Applications/STM32CubeIDE.app/Contents/Eclipse/plugins/com.st.stm32cube.ide.mcu.externaltools.gnu-tools-for-stm32.7-2018-q2-update.macos64_1.5.0.202011040924/tools/bin/../lib/gcc/arm-none-eabi/7.3.1/thumb/v6-m/libgcc.a(_udivsi3.o)
 .ARM.attributes
                0x000000000000044e       0x1e /Applications/STM32CubeIDE.app/Contents/Eclipse/plugins/com.st.stm32cube.ide.mcu.externaltools.gnu-tools-for-stm32.7-2018-q2-update.macos64_1.5.0.202011040924/tools/bin/../lib/gcc/arm-none-eabi/7.3.1/thumb/v6-m/libgcc.a(_dvmd_tls.o)
 .ARM.attributes
                0x000000000000046c       0x1e /Applications/STM32CubeIDE.app/Contents/Eclipse/plugins/com.st.stm32cube.ide.mcu.externaltools.gnu-tools-for-stm32.7-2018-q2-update.macos64_1.5.0.202011040924/tools/bin/../lib/gcc/arm-none-eabi/7.3.1/thumb/v6-m/crtn.o
OUTPUT(guitar-actuator-board.elf elf32-littlearm)

.debug_info     0x0000000000000000     0xacf7
 .debug_info    0x0000000000000000      0x2ad Core/Src/lukes-code/config.o
 .debug_info    0x00000000000002ad      0x86d Core/Src/lukes-code/midi.o
 .debug_info    0x0000000000000b1a      0x2b2 Core/Src/lukes-code/strummer.o
 .debug_info    0x0000000000000dcc     0x104d Core/Src/main.o
 .debug_info    0x0000000000001e19      0xcc1 Core/Src/stm32f0xx_hal_msp.o
 .debug_info    0x0000000000002ada      0x1a2 Core/Src/stm32f0xx_it.o
 .debug_info    0x0000000000002c7c      0x29e Core/Src/system_stm32f0xx.o
 .debug_info    0x0000000000002f1a       0x22 Core/Startup/startup_stm32f030f4px.o
 .debug_info    0x0000000000002f3c      0x667 Drivers/STM32F0xx_HAL_Driver/Src/stm32f0xx_hal.o
 .debug_info    0x00000000000035a3      0x744 Drivers/STM32F0xx_HAL_Driver/Src/stm32f0xx_hal_cortex.o
 .debug_info    0x0000000000003ce7      0x574 Drivers/STM32F0xx_HAL_Driver/Src/stm32f0xx_hal_flash.o
 .debug_info    0x000000000000425b      0x732 Drivers/STM32F0xx_HAL_Driver/Src/stm32f0xx_hal_flash_ex.o
 .debug_info    0x000000000000498d      0x66f Drivers/STM32F0xx_HAL_Driver/Src/stm32f0xx_hal_gpio.o
 .debug_info    0x0000000000004ffc      0x80a Drivers/STM32F0xx_HAL_Driver/Src/stm32f0xx_hal_rcc.o
 .debug_info    0x0000000000005806      0x3cb Drivers/STM32F0xx_HAL_Driver/Src/stm32f0xx_hal_rcc_ex.o
 .debug_info    0x0000000000005bd1     0x27c6 Drivers/STM32F0xx_HAL_Driver/Src/stm32f0xx_hal_tim.o
 .debug_info    0x0000000000008397     0x1346 Drivers/STM32F0xx_HAL_Driver/Src/stm32f0xx_hal_tim_ex.o
 .debug_info    0x00000000000096dd     0x161a Drivers/STM32F0xx_HAL_Driver/Src/stm32f0xx_hal_uart.o

.debug_abbrev   0x0000000000000000     0x1ec5
 .debug_abbrev  0x0000000000000000      0x146 Core/Src/lukes-code/config.o
 .debug_abbrev  0x0000000000000146      0x1e9 Core/Src/lukes-code/midi.o
 .debug_abbrev  0x000000000000032f      0x11c Core/Src/lukes-code/strummer.o
 .debug_abbrev  0x000000000000044b      0x27a Core/Src/main.o
 .debug_abbrev  0x00000000000006c5      0x1b7 Core/Src/stm32f0xx_hal_msp.o
 .debug_abbrev  0x000000000000087c       0xc6 Core/Src/stm32f0xx_it.o
 .debug_abbrev  0x0000000000000942      0x12b Core/Src/system_stm32f0xx.o
 .debug_abbrev  0x0000000000000a6d       0x12 Core/Startup/startup_stm32f030f4px.o
 .debug_abbrev  0x0000000000000a7f      0x1f2 Drivers/STM32F0xx_HAL_Driver/Src/stm32f0xx_hal.o
 .debug_abbrev  0x0000000000000c71      0x273 Drivers/STM32F0xx_HAL_Driver/Src/stm32f0xx_hal_cortex.o
 .debug_abbrev  0x0000000000000ee4      0x205 Drivers/STM32F0xx_HAL_Driver/Src/stm32f0xx_hal_flash.o
 .debug_abbrev  0x00000000000010e9      0x1f0 Drivers/STM32F0xx_HAL_Driver/Src/stm32f0xx_hal_flash_ex.o
 .debug_abbrev  0x00000000000012d9      0x1c0 Drivers/STM32F0xx_HAL_Driver/Src/stm32f0xx_hal_gpio.o
 .debug_abbrev  0x0000000000001499      0x20f Drivers/STM32F0xx_HAL_Driver/Src/stm32f0xx_hal_rcc.o
 .debug_abbrev  0x00000000000016a8      0x175 Drivers/STM32F0xx_HAL_Driver/Src/stm32f0xx_hal_rcc_ex.o
 .debug_abbrev  0x000000000000181d      0x23f Drivers/STM32F0xx_HAL_Driver/Src/stm32f0xx_hal_tim.o
 .debug_abbrev  0x0000000000001a5c      0x245 Drivers/STM32F0xx_HAL_Driver/Src/stm32f0xx_hal_tim_ex.o
 .debug_abbrev  0x0000000000001ca1      0x224 Drivers/STM32F0xx_HAL_Driver/Src/stm32f0xx_hal_uart.o

.debug_aranges  0x0000000000000000      0xcc8
 .debug_aranges
                0x0000000000000000       0x28 Core/Src/lukes-code/config.o
 .debug_aranges
                0x0000000000000028       0x40 Core/Src/lukes-code/midi.o
 .debug_aranges
                0x0000000000000068       0x28 Core/Src/lukes-code/strummer.o
 .debug_aranges
                0x0000000000000090       0x58 Core/Src/main.o
 .debug_aranges
                0x00000000000000e8       0x48 Core/Src/stm32f0xx_hal_msp.o
 .debug_aranges
                0x0000000000000130       0x40 Core/Src/stm32f0xx_it.o
 .debug_aranges
                0x0000000000000170       0x28 Core/Src/system_stm32f0xx.o
 .debug_aranges
                0x0000000000000198       0x28 Core/Startup/startup_stm32f030f4px.o
 .debug_aranges
                0x00000000000001c0       0xd0 Drivers/STM32F0xx_HAL_Driver/Src/stm32f0xx_hal.o
 .debug_aranges
                0x0000000000000290       0xc0 Drivers/STM32F0xx_HAL_Driver/Src/stm32f0xx_hal_cortex.o
 .debug_aranges
                0x0000000000000350       0x88 Drivers/STM32F0xx_HAL_Driver/Src/stm32f0xx_hal_flash.o
 .debug_aranges
                0x00000000000003d8       0x98 Drivers/STM32F0xx_HAL_Driver/Src/stm32f0xx_hal_flash_ex.o
 .debug_aranges
                0x0000000000000470       0x58 Drivers/STM32F0xx_HAL_Driver/Src/stm32f0xx_hal_gpio.o
 .debug_aranges
                0x00000000000004c8       0x80 Drivers/STM32F0xx_HAL_Driver/Src/stm32f0xx_hal_rcc.o
 .debug_aranges
                0x0000000000000548       0x30 Drivers/STM32F0xx_HAL_Driver/Src/stm32f0xx_hal_rcc_ex.o
 .debug_aranges
                0x0000000000000578      0x3d0 Drivers/STM32F0xx_HAL_Driver/Src/stm32f0xx_hal_tim.o
 .debug_aranges
                0x0000000000000948      0x168 Drivers/STM32F0xx_HAL_Driver/Src/stm32f0xx_hal_tim_ex.o
 .debug_aranges
                0x0000000000000ab0      0x218 Drivers/STM32F0xx_HAL_Driver/Src/stm32f0xx_hal_uart.o

.debug_ranges   0x0000000000000000      0xbf8
 .debug_ranges  0x0000000000000000       0x30 Core/Src/lukes-code/config.o
 .debug_ranges  0x0000000000000030       0x30 Core/Src/lukes-code/midi.o
 .debug_ranges  0x0000000000000060       0x18 Core/Src/lukes-code/strummer.o
 .debug_ranges  0x0000000000000078       0x48 Core/Src/main.o
 .debug_ranges  0x00000000000000c0       0x38 Core/Src/stm32f0xx_hal_msp.o
 .debug_ranges  0x00000000000000f8       0x30 Core/Src/stm32f0xx_it.o
 .debug_ranges  0x0000000000000128       0x18 Core/Src/system_stm32f0xx.o
 .debug_ranges  0x0000000000000140       0x20 Core/Startup/startup_stm32f030f4px.o
 .debug_ranges  0x0000000000000160       0xc0 Drivers/STM32F0xx_HAL_Driver/Src/stm32f0xx_hal.o
 .debug_ranges  0x0000000000000220       0xb0 Drivers/STM32F0xx_HAL_Driver/Src/stm32f0xx_hal_cortex.o
 .debug_ranges  0x00000000000002d0       0x78 Drivers/STM32F0xx_HAL_Driver/Src/stm32f0xx_hal_flash.o
 .debug_ranges  0x0000000000000348       0x88 Drivers/STM32F0xx_HAL_Driver/Src/stm32f0xx_hal_flash_ex.o
 .debug_ranges  0x00000000000003d0       0x48 Drivers/STM32F0xx_HAL_Driver/Src/stm32f0xx_hal_gpio.o
 .debug_ranges  0x0000000000000418       0x70 Drivers/STM32F0xx_HAL_Driver/Src/stm32f0xx_hal_rcc.o
 .debug_ranges  0x0000000000000488       0x20 Drivers/STM32F0xx_HAL_Driver/Src/stm32f0xx_hal_rcc_ex.o
 .debug_ranges  0x00000000000004a8      0x3c0 Drivers/STM32F0xx_HAL_Driver/Src/stm32f0xx_hal_tim.o
 .debug_ranges  0x0000000000000868      0x158 Drivers/STM32F0xx_HAL_Driver/Src/stm32f0xx_hal_tim_ex.o
 .debug_ranges  0x00000000000009c0      0x238 Drivers/STM32F0xx_HAL_Driver/Src/stm32f0xx_hal_uart.o

.debug_macro    0x0000000000000000     0xfe16
 .debug_macro   0x0000000000000000      0x1d4 Core/Src/lukes-code/config.o
 .debug_macro   0x00000000000001d4      0xa48 Core/Src/lukes-code/config.o
 .debug_macro   0x0000000000000c1c       0x22 Core/Src/lukes-code/config.o
 .debug_macro   0x0000000000000c3e       0x8e Core/Src/lukes-code/config.o
 .debug_macro   0x0000000000000ccc       0x51 Core/Src/lukes-code/config.o
 .debug_macro   0x0000000000000d1d       0xef Core/Src/lukes-code/config.o
 .debug_macro   0x0000000000000e0c       0x6a Core/Src/lukes-code/config.o
 .debug_macro   0x0000000000000e76      0x1df Core/Src/lukes-code/config.o
 .debug_macro   0x0000000000001055      0x133 Core/Src/lukes-code/config.o
 .debug_macro   0x0000000000001188       0x2e Core/Src/lukes-code/config.o
 .debug_macro   0x00000000000011b6       0x22 Core/Src/lukes-code/config.o
 .debug_macro   0x00000000000011d8       0x1c Core/Src/lukes-code/config.o
 .debug_macro   0x00000000000011f4       0x22 Core/Src/lukes-code/config.o
 .debug_macro   0x0000000000001216       0xb5 Core/Src/lukes-code/config.o
 .debug_macro   0x00000000000012cb      0x391 Core/Src/lukes-code/config.o
 .debug_macro   0x000000000000165c     0x6e60 Core/Src/lukes-code/config.o
 .debug_macro   0x00000000000084bc       0x3c Core/Src/lukes-code/config.o
 .debug_macro   0x00000000000084f8     0x3461 Core/Src/lukes-code/config.o
 .debug_macro   0x000000000000b959      0x174 Core/Src/lukes-code/config.o
 .debug_macro   0x000000000000bacd       0x55 Core/Src/lukes-code/config.o
 .debug_macro   0x000000000000bb22      0x924 Core/Src/lukes-code/config.o
 .debug_macro   0x000000000000c446       0xe5 Core/Src/lukes-code/config.o
 .debug_macro   0x000000000000c52b      0x12f Core/Src/lukes-code/config.o
 .debug_macro   0x000000000000c65a       0xb3 Core/Src/lukes-code/config.o
 .debug_macro   0x000000000000c70d      0x1a0 Core/Src/lukes-code/config.o
 .debug_macro   0x000000000000c8ad      0x1ed Core/Src/lukes-code/config.o
 .debug_macro   0x000000000000ca9a       0x34 Core/Src/lukes-code/config.o
 .debug_macro   0x000000000000cace       0x43 Core/Src/lukes-code/config.o
 .debug_macro   0x000000000000cb11       0x28 Core/Src/lukes-code/config.o
 .debug_macro   0x000000000000cb39       0xb0 Core/Src/lukes-code/config.o
 .debug_macro   0x000000000000cbe9      0x15a Core/Src/lukes-code/config.o
 .debug_macro   0x000000000000cd43      0x22c Core/Src/lukes-code/config.o
 .debug_macro   0x000000000000cf6f       0x60 Core/Src/lukes-code/config.o
 .debug_macro   0x000000000000cfcf       0xa5 Core/Src/lukes-code/config.o
 .debug_macro   0x000000000000d074       0x4c Core/Src/lukes-code/config.o
 .debug_macro   0x000000000000d0c0       0x2b Core/Src/lukes-code/config.o
 .debug_macro   0x000000000000d0eb      0x8d8 Core/Src/lukes-code/config.o
 .debug_macro   0x000000000000d9c3       0x28 Core/Src/lukes-code/config.o
 .debug_macro   0x000000000000d9eb      0x55f Core/Src/lukes-code/config.o
 .debug_macro   0x000000000000df4a       0x3e Core/Src/lukes-code/config.o
 .debug_macro   0x000000000000df88       0xf1 Core/Src/lukes-code/config.o
 .debug_macro   0x000000000000e079       0x22 Core/Src/lukes-code/config.o
 .debug_macro   0x000000000000e09b      0x205 Core/Src/lukes-code/midi.o
 .debug_macro   0x000000000000e2a0      0x1d9 Core/Src/lukes-code/strummer.o
 .debug_macro   0x000000000000e479       0x16 Core/Src/lukes-code/strummer.o
 .debug_macro   0x000000000000e48f       0x10 Core/Src/lukes-code/strummer.o
 .debug_macro   0x000000000000e49f      0x1e4 Core/Src/main.o
 .debug_macro   0x000000000000e683      0x1d0 Core/Src/stm32f0xx_hal_msp.o
 .debug_macro   0x000000000000e853      0x1da Core/Src/stm32f0xx_it.o
 .debug_macro   0x000000000000ea2d      0x1c1 Core/Src/system_stm32f0xx.o
 .debug_macro   0x000000000000ebee      0x1e5 Drivers/STM32F0xx_HAL_Driver/Src/stm32f0xx_hal.o
 .debug_macro   0x000000000000edd3      0x1c1 Drivers/STM32F0xx_HAL_Driver/Src/stm32f0xx_hal_cortex.o
 .debug_macro   0x000000000000ef94      0x1c1 Drivers/STM32F0xx_HAL_Driver/Src/stm32f0xx_hal_flash.o
 .debug_macro   0x000000000000f155      0x1d3 Drivers/STM32F0xx_HAL_Driver/Src/stm32f0xx_hal_flash_ex.o
 .debug_macro   0x000000000000f328      0x1f9 Drivers/STM32F0xx_HAL_Driver/Src/stm32f0xx_hal_gpio.o
 .debug_macro   0x000000000000f521      0x1d3 Drivers/STM32F0xx_HAL_Driver/Src/stm32f0xx_hal_rcc.o
 .debug_macro   0x000000000000f6f4      0x1c1 Drivers/STM32F0xx_HAL_Driver/Src/stm32f0xx_hal_rcc_ex.o
 .debug_macro   0x000000000000f8b5      0x1c2 Drivers/STM32F0xx_HAL_Driver/Src/stm32f0xx_hal_tim.o
 .debug_macro   0x000000000000fa77      0x1c1 Drivers/STM32F0xx_HAL_Driver/Src/stm32f0xx_hal_tim_ex.o
 .debug_macro   0x000000000000fc38      0x1de Drivers/STM32F0xx_HAL_Driver/Src/stm32f0xx_hal_uart.o

.debug_line     0x0000000000000000     0xb987
 .debug_line    0x0000000000000000      0x766 Core/Src/lukes-code/config.o
 .debug_line    0x0000000000000766      0x7b3 Core/Src/lukes-code/midi.o
 .debug_line    0x0000000000000f19      0x73d Core/Src/lukes-code/strummer.o
 .debug_line    0x0000000000001656      0x81c Core/Src/main.o
 .debug_line    0x0000000000001e72      0x77c Core/Src/stm32f0xx_hal_msp.o
 .debug_line    0x00000000000025ee      0x761 Core/Src/stm32f0xx_it.o
 .debug_line    0x0000000000002d4f      0x727 Core/Src/system_stm32f0xx.o
 .debug_line    0x0000000000003476       0x89 Core/Startup/startup_stm32f030f4px.o
 .debug_line    0x00000000000034ff      0x8c3 Drivers/STM32F0xx_HAL_Driver/Src/stm32f0xx_hal.o
 .debug_line    0x0000000000003dc2      0x8db Drivers/STM32F0xx_HAL_Driver/Src/stm32f0xx_hal_cortex.o
 .debug_line    0x000000000000469d      0x8cd Drivers/STM32F0xx_HAL_Driver/Src/stm32f0xx_hal_flash.o
 .debug_line    0x0000000000004f6a      0x90b Drivers/STM32F0xx_HAL_Driver/Src/stm32f0xx_hal_flash_ex.o
 .debug_line    0x0000000000005875      0x886 Drivers/STM32F0xx_HAL_Driver/Src/stm32f0xx_hal_gpio.o
 .debug_line    0x00000000000060fb      0x984 Drivers/STM32F0xx_HAL_Driver/Src/stm32f0xx_hal_rcc.o
 .debug_line    0x0000000000006a7f      0x7de Drivers/STM32F0xx_HAL_Driver/Src/stm32f0xx_hal_rcc_ex.o
 .debug_line    0x000000000000725d     0x226a Drivers/STM32F0xx_HAL_Driver/Src/stm32f0xx_hal_tim.o
 .debug_line    0x00000000000094c7     0x1303 Drivers/STM32F0xx_HAL_Driver/Src/stm32f0xx_hal_tim_ex.o
 .debug_line    0x000000000000a7ca     0x11bd Drivers/STM32F0xx_HAL_Driver/Src/stm32f0xx_hal_uart.o

.debug_str      0x0000000000000000    0x5fe88
 .debug_str     0x0000000000000000    0x5c47d Core/Src/lukes-code/config.o
                                      0x5c6f7 (size before relaxing)
 .debug_str     0x000000000005c47d      0x5f1 Core/Src/lukes-code/midi.o
                                      0x5cc57 (size before relaxing)
 .debug_str     0x000000000005ca6e       0xbb Core/Src/lukes-code/strummer.o
                                      0x5c676 (size before relaxing)
 .debug_str     0x000000000005cb29      0x6aa Core/Src/main.o
                                      0x5d24c (size before relaxing)
 .debug_str     0x000000000005d1d3       0xa2 Core/Src/stm32f0xx_hal_msp.o
                                      0x5cdf4 (size before relaxing)
 .debug_str     0x000000000005d275       0x76 Core/Src/stm32f0xx_it.o
                                      0x5c629 (size before relaxing)
 .debug_str     0x000000000005d2eb       0x5f Core/Src/system_stm32f0xx.o
                                      0x5c634 (size before relaxing)
 .debug_str     0x000000000005d34a       0x75 Core/Startup/startup_stm32f030f4px.o
 .debug_str     0x000000000005d3bf      0x40f Drivers/STM32F0xx_HAL_Driver/Src/stm32f0xx_hal.o
                                      0x5cb07 (size before relaxing)
 .debug_str     0x000000000005d7ce      0x1f0 Drivers/STM32F0xx_HAL_Driver/Src/stm32f0xx_hal_cortex.o
                                      0x5c9bf (size before relaxing)
 .debug_str     0x000000000005d9be      0x286 Drivers/STM32F0xx_HAL_Driver/Src/stm32f0xx_hal_flash.o
                                      0x5c8ef (size before relaxing)
 .debug_str     0x000000000005dc44      0x2d1 Drivers/STM32F0xx_HAL_Driver/Src/stm32f0xx_hal_flash_ex.o
                                      0x5ca42 (size before relaxing)
 .debug_str     0x000000000005df15      0x205 Drivers/STM32F0xx_HAL_Driver/Src/stm32f0xx_hal_gpio.o
                                      0x5c8d0 (size before relaxing)
 .debug_str     0x000000000005e11a      0x235 Drivers/STM32F0xx_HAL_Driver/Src/stm32f0xx_hal_rcc.o
                                      0x5ca3e (size before relaxing)
 .debug_str     0x000000000005e34f       0xb1 Drivers/STM32F0xx_HAL_Driver/Src/stm32f0xx_hal_rcc_ex.o
                                      0x5c770 (size before relaxing)
 .debug_str     0x000000000005e400      0xde6 Drivers/STM32F0xx_HAL_Driver/Src/stm32f0xx_hal_tim.o
                                      0x5d9e8 (size before relaxing)
 .debug_str     0x000000000005f1e6      0x483 Drivers/STM32F0xx_HAL_Driver/Src/stm32f0xx_hal_tim_ex.o
                                      0x5d1c2 (size before relaxing)
 .debug_str     0x000000000005f669      0x81f Drivers/STM32F0xx_HAL_Driver/Src/stm32f0xx_hal_uart.o
                                      0x5d2a5 (size before relaxing)

.comment        0x0000000000000000       0x7b
 .comment       0x0000000000000000       0x7b Core/Src/lukes-code/config.o
                                         0x7c (size before relaxing)
 .comment       0x000000000000007b       0x7c Core/Src/lukes-code/midi.o
 .comment       0x000000000000007b       0x7c Core/Src/lukes-code/strummer.o
 .comment       0x000000000000007b       0x7c Core/Src/main.o
 .comment       0x000000000000007b       0x7c Core/Src/stm32f0xx_hal_msp.o
 .comment       0x000000000000007b       0x7c Core/Src/stm32f0xx_it.o
 .comment       0x000000000000007b       0x7c Core/Src/system_stm32f0xx.o
 .comment       0x000000000000007b       0x7c Drivers/STM32F0xx_HAL_Driver/Src/stm32f0xx_hal.o
 .comment       0x000000000000007b       0x7c Drivers/STM32F0xx_HAL_Driver/Src/stm32f0xx_hal_cortex.o
 .comment       0x000000000000007b       0x7c Drivers/STM32F0xx_HAL_Driver/Src/stm32f0xx_hal_flash.o
 .comment       0x000000000000007b       0x7c Drivers/STM32F0xx_HAL_Driver/Src/stm32f0xx_hal_flash_ex.o
 .comment       0x000000000000007b       0x7c Drivers/STM32F0xx_HAL_Driver/Src/stm32f0xx_hal_gpio.o
 .comment       0x000000000000007b       0x7c Drivers/STM32F0xx_HAL_Driver/Src/stm32f0xx_hal_rcc.o
 .comment       0x000000000000007b       0x7c Drivers/STM32F0xx_HAL_Driver/Src/stm32f0xx_hal_rcc_ex.o
 .comment       0x000000000000007b       0x7c Drivers/STM32F0xx_HAL_Driver/Src/stm32f0xx_hal_tim.o
 .comment       0x000000000000007b       0x7c Drivers/STM32F0xx_HAL_Driver/Src/stm32f0xx_hal_tim_ex.o
 .comment       0x000000000000007b       0x7c Drivers/STM32F0xx_HAL_Driver/Src/stm32f0xx_hal_uart.o

.debug_frame    0x0000000000000000     0x2d30
 .debug_frame   0x0000000000000000       0x58 Core/Src/lukes-code/config.o
 .debug_frame   0x0000000000000058       0xac Core/Src/lukes-code/midi.o
 .debug_frame   0x0000000000000104       0x4c Core/Src/lukes-code/strummer.o
 .debug_frame   0x0000000000000150      0x100 Core/Src/main.o
 .debug_frame   0x0000000000000250       0xd0 Core/Src/stm32f0xx_hal_msp.o
 .debug_frame   0x0000000000000320       0x9c Core/Src/stm32f0xx_it.o
 .debug_frame   0x00000000000003bc       0x4c Core/Src/system_stm32f0xx.o
 .debug_frame   0x0000000000000408      0x2a4 Drivers/STM32F0xx_HAL_Driver/Src/stm32f0xx_hal.o
 .debug_frame   0x00000000000006ac      0x2a0 Drivers/STM32F0xx_HAL_Driver/Src/stm32f0xx_hal_cortex.o
 .debug_frame   0x000000000000094c      0x1c4 Drivers/STM32F0xx_HAL_Driver/Src/stm32f0xx_hal_flash.o
 .debug_frame   0x0000000000000b10      0x220 Drivers/STM32F0xx_HAL_Driver/Src/stm32f0xx_hal_flash_ex.o
 .debug_frame   0x0000000000000d30      0x110 Drivers/STM32F0xx_HAL_Driver/Src/stm32f0xx_hal_gpio.o
 .debug_frame   0x0000000000000e40      0x198 Drivers/STM32F0xx_HAL_Driver/Src/stm32f0xx_hal_rcc.o
 .debug_frame   0x0000000000000fd8       0x70 Drivers/STM32F0xx_HAL_Driver/Src/stm32f0xx_hal_rcc_ex.o
 .debug_frame   0x0000000000001048      0xef0 Drivers/STM32F0xx_HAL_Driver/Src/stm32f0xx_hal_tim.o
 .debug_frame   0x0000000000001f38      0x550 Drivers/STM32F0xx_HAL_Driver/Src/stm32f0xx_hal_tim_ex.o
 .debug_frame   0x0000000000002488      0x810 Drivers/STM32F0xx_HAL_Driver/Src/stm32f0xx_hal_uart.o
 .debug_frame   0x0000000000002c98       0x2c /Applications/STM32CubeIDE.app/Contents/Eclipse/plugins/com.st.stm32cube.ide.mcu.externaltools.gnu-tools-for-stm32.7-2018-q2-update.macos64_1.5.0.202011040924/tools/bin/../lib/gcc/arm-none-eabi/7.3.1/../../../../arm-none-eabi/lib/thumb/v6-m/libc_nano.a(lib_a-init.o)
 .debug_frame   0x0000000000002cc4       0x2c /Applications/STM32CubeIDE.app/Contents/Eclipse/plugins/com.st.stm32cube.ide.mcu.externaltools.gnu-tools-for-stm32.7-2018-q2-update.macos64_1.5.0.202011040924/tools/bin/../lib/gcc/arm-none-eabi/7.3.1/../../../../arm-none-eabi/lib/thumb/v6-m/libc_nano.a(lib_a-memcmp.o)
 .debug_frame   0x0000000000002cf0       0x20 /Applications/STM32CubeIDE.app/Contents/Eclipse/plugins/com.st.stm32cube.ide.mcu.externaltools.gnu-tools-for-stm32.7-2018-q2-update.macos64_1.5.0.202011040924/tools/bin/../lib/gcc/arm-none-eabi/7.3.1/../../../../arm-none-eabi/lib/thumb/v6-m/libc_nano.a(lib_a-memset.o)
 .debug_frame   0x0000000000002d10       0x20 /Applications/STM32CubeIDE.app/Contents/Eclipse/plugins/com.st.stm32cube.ide.mcu.externaltools.gnu-tools-for-stm32.7-2018-q2-update.macos64_1.5.0.202011040924/tools/bin/../lib/gcc/arm-none-eabi/7.3.1/thumb/v6-m/libgcc.a(_udivsi3.o)
